Last login: Thu Aug 27 14:44:15 on ttys001
Hello, your awesomeness.
ProJoey:~ ProJoey$ nanobp
ProJoey:~ ProJoey$ sors
Hello, your awesomeness.
ProJoey:~ ProJoey$ sshsmall
The authenticity of host '130.220.208.145 (130.220.208.145)' can't be established.
RSA key fingerprint is 33:4b:d5:5c:96:d7:09:ba:2a:60:18:13:64:7e:87:18.
Are you sure you want to continue connecting (yes/no)? yes
Warning: Permanently added '130.220.208.145' (RSA) to the list of known hosts.
-----------------------------------------------------------
  Ubuntu 14.04.2 LTS x86_64                                                           
  Image details and information is available at                               
  http://support.rc.nectar.org.au/docs/image_catalog.html                    
-----------------------------------------------------------

Welcome to Ubuntu 14.04.2 LTS (GNU/Linux 3.13.0-58-generic x86_64)

 * Documentation:  https://help.ubuntu.com/

The programs included with the Ubuntu system are free software;
the exact distribution terms for each program are described in the
individual files in /usr/share/doc/*/copyright.

Ubuntu comes with ABSOLUTELY NO WARRANTY, to the extent permitted by
applicable law.

ubuntu@small---root:~$ cd ~
ubuntu@small---root:~$ ls
ubuntu@small---root:~$ la
.bash_logout  .bashrc  .cache  .profile  .ssh
ubuntu@small---root:~$ nano .bashrc
ubuntu@small---root:~$ source ~/.bashrc 
Hello, your awesomeness.
ubuntu@small---root:~$ mkdir GitHub
ubuntu@small---root:~$ cd GitHub/
ubuntu@small---root:~/GitHub$ sudo apt-get update
Ign http://mirror.aarnet.edu.au trusty InRelease
Ign http://mirror.aarnet.edu.au trusty-updates InRelease
Ign http://mirror.aarnet.edu.au trusty-backports InRelease
Ign http://mirror.aarnet.edu.au trusty-security InRelease
Hit http://mirror.aarnet.edu.au trusty Release.gpg
Get:1 http://mirror.aarnet.edu.au trusty-updates Release.gpg [933 B]
Get:2 http://mirror.aarnet.edu.au trusty-backports Release.gpg [933 B]
Get:3 http://mirror.aarnet.edu.au trusty-security Release.gpg [933 B]
Hit http://mirror.aarnet.edu.au trusty Release
Get:4 http://mirror.aarnet.edu.au trusty-updates Release [63.5 kB]
Get:5 http://mirror.aarnet.edu.au trusty-backports Release [63.5 kB]
Get:6 http://mirror.aarnet.edu.au trusty-security Release [63.5 kB]
Hit http://mirror.aarnet.edu.au trusty/main Sources
Hit http://mirror.aarnet.edu.au trusty/restricted Sources
Hit http://mirror.aarnet.edu.au trusty/universe Sources
Hit http://mirror.aarnet.edu.au trusty/multiverse Sources
Hit http://mirror.aarnet.edu.au trusty/main amd64 Packages
Hit http://mirror.aarnet.edu.au trusty/restricted amd64 Packages
Hit http://mirror.aarnet.edu.au trusty/universe amd64 Packages
Hit http://mirror.aarnet.edu.au trusty/multiverse amd64 Packages
Hit http://mirror.aarnet.edu.au trusty/main i386 Packages
Hit http://mirror.aarnet.edu.au trusty/restricted i386 Packages
Hit http://mirror.aarnet.edu.au trusty/universe i386 Packages
Hit http://mirror.aarnet.edu.au trusty/multiverse i386 Packages
Hit http://mirror.aarnet.edu.au trusty/main Translation-en_AU
Hit http://mirror.aarnet.edu.au trusty/main Translation-en
Hit http://mirror.aarnet.edu.au trusty/multiverse Translation-en_AU
Hit http://mirror.aarnet.edu.au trusty/multiverse Translation-en
Hit http://mirror.aarnet.edu.au trusty/restricted Translation-en_AU
Hit http://mirror.aarnet.edu.au trusty/restricted Translation-en
Hit http://mirror.aarnet.edu.au trusty/universe Translation-en_AU
Hit http://mirror.aarnet.edu.au trusty/universe Translation-en
Get:7 http://mirror.aarnet.edu.au trusty-updates/main Sources [230 kB]
Get:8 http://mirror.aarnet.edu.au trusty-updates/restricted Sources [4,725 B]
Get:9 http://mirror.aarnet.edu.au trusty-updates/universe Sources [134 kB]
Get:10 http://mirror.aarnet.edu.au trusty-updates/multiverse Sources [5,143 B]
Get:11 http://mirror.aarnet.edu.au trusty-updates/main amd64 Packages [609 kB]
Get:12 http://mirror.aarnet.edu.au trusty-updates/restricted amd64 Packages [15.4 kB]
Get:13 http://mirror.aarnet.edu.au trusty-updates/universe amd64 Packages [309 kB]
Get:14 http://mirror.aarnet.edu.au trusty-updates/multiverse amd64 Packages [11.9 kB]
Get:15 http://mirror.aarnet.edu.au trusty-updates/main i386 Packages [589 kB]  
Get:16 http://mirror.aarnet.edu.au trusty-updates/restricted i386 Packages [15.1 kB]
Get:17 http://mirror.aarnet.edu.au trusty-updates/universe i386 Packages [310 kB]
Get:18 http://mirror.aarnet.edu.au trusty-updates/multiverse i386 Packages [12.1 kB]
Get:19 http://mirror.aarnet.edu.au trusty-updates/main Translation-en [293 kB] 
Hit http://mirror.aarnet.edu.au trusty-updates/multiverse Translation-en       
Get:20 http://mirror.aarnet.edu.au trusty-updates/restricted Translation-en [3,560 B]
Get:21 http://mirror.aarnet.edu.au trusty-updates/universe Translation-en [164 kB]
Get:22 http://mirror.aarnet.edu.au trusty-backports/main Sources [5,860 B]     
Get:23 http://mirror.aarnet.edu.au trusty-backports/restricted Sources [28 B]  
Get:24 http://mirror.aarnet.edu.au trusty-backports/universe Sources [28.4 kB]
Get:25 http://mirror.aarnet.edu.au trusty-backports/multiverse Sources [1,898 B]
Get:26 http://mirror.aarnet.edu.au trusty-backports/main amd64 Packages [6,288 B]
Get:27 http://mirror.aarnet.edu.au trusty-backports/restricted amd64 Packages [28 B]
Get:28 http://mirror.aarnet.edu.au trusty-backports/universe amd64 Packages [32.6 kB]
Get:29 http://mirror.aarnet.edu.au trusty-backports/multiverse amd64 Packages [1,571 B]
Get:30 http://mirror.aarnet.edu.au trusty-backports/main i386 Packages [6,293 B]
Get:31 http://mirror.aarnet.edu.au trusty-backports/restricted i386 Packages [28 B]
Get:32 http://mirror.aarnet.edu.au trusty-backports/universe i386 Packages [32.6 kB]
Get:33 http://mirror.aarnet.edu.au trusty-backports/multiverse i386 Packages [1,552 B]
Hit http://mirror.aarnet.edu.au trusty-backports/main Translation-en           
Hit http://mirror.aarnet.edu.au trusty-backports/multiverse Translation-en 
Hit http://mirror.aarnet.edu.au trusty-backports/restricted Translation-en
Hit http://mirror.aarnet.edu.au trusty-backports/universe Translation-en
Get:34 http://mirror.aarnet.edu.au trusty-security/main Sources [92.7 kB]
Get:35 http://mirror.aarnet.edu.au trusty-security/restricted Sources [2,061 B]
Get:36 http://mirror.aarnet.edu.au trusty-security/universe Sources [29.9 kB]  
Get:37 http://mirror.aarnet.edu.au trusty-security/multiverse Sources [2,330 B]
Get:38 http://mirror.aarnet.edu.au trusty-security/main amd64 Packages [335 kB]
Get:39 http://mirror.aarnet.edu.au trusty-security/restricted amd64 Packages [8,875 B]
Get:40 http://mirror.aarnet.edu.au trusty-security/universe amd64 Packages [114 kB]
Get:41 http://mirror.aarnet.edu.au trusty-security/multiverse amd64 Packages [3,686 B]
Get:42 http://mirror.aarnet.edu.au trusty-security/main i386 Packages [320 kB] 
Get:43 http://mirror.aarnet.edu.au trusty-security/restricted i386 Packages [8,846 B]
Get:44 http://mirror.aarnet.edu.au trusty-security/universe i386 Packages [114 kB]
Get:45 http://mirror.aarnet.edu.au trusty-security/multiverse i386 Packages [3,830 B]
Get:46 http://mirror.aarnet.edu.au trusty-security/main Translation-en [182 kB]
Hit http://mirror.aarnet.edu.au trusty-security/multiverse Translation-en      
Hit http://mirror.aarnet.edu.au trusty-security/restricted Translation-en      
Get:47 http://mirror.aarnet.edu.au trusty-security/universe Translation-en [66.9 kB]
Fetched 4,300 kB in 9s (441 kB/s)                                              
Reading package lists... Done
ubuntu@small---root:~/GitHub$ sudo apt-get upgrade
Reading package lists... Done
Building dependency tree       
Reading state information... Done
Calculating upgrade... Done
The following packages have been kept back:
  linux-headers-generic linux-headers-virtual linux-image-virtual
  linux-virtual
The following packages will be upgraded:
  apparmor apt apt-transport-https apt-utils base-files bind9-host bsdutils
  cloud-init dh-python dnsutils iproute2 libapparmor-perl libapparmor1
  libapt-inst1.5 libapt-pkg4.12 libbind9-90 libblkid1 libdns100 libisc95
  libisccc90 libisccfg90 liblwres90 libmount1 libpam-systemd libparted0debian1
  libpcre3 librados2 librbd1 libsqlite3-0 libsystemd-daemon0 libsystemd-login0
  libudev1 libuuid1 login mount openssh-client openssh-server
  openssh-sftp-server parted passwd qemu-utils systemd-services tzdata udev
  util-linux uuid-runtime
46 to upgrade, 0 to newly install, 0 to remove and 4 not to upgrade.
Need to get 10.8 MB of archives.
After this operation, 4,096 B of additional disk space will be used.
Do you want to continue? [Y/n] y
Get:1 http://mirror.aarnet.edu.au/ubuntu/ trusty-updates/main base-files amd64 7.2ubuntu5.3 [60.9 kB]
Get:2 http://mirror.aarnet.edu.au/ubuntu/ trusty-updates/main login amd64 1:4.1.5.1-1ubuntu9.1 [301 kB]
Get:3 http://mirror.aarnet.edu.au/ubuntu/ trusty-updates/main mount amd64 2.20.1-5.1ubuntu20.6 [114 kB]
Get:4 http://mirror.aarnet.edu.au/ubuntu/ trusty-updates/main tzdata all 2015f-0ubuntu0.14.04 [171 kB]
Get:5 http://mirror.aarnet.edu.au/ubuntu/ trusty-updates/main util-linux amd64 2.20.1-5.1ubuntu20.6 [458 kB]
Get:6 http://mirror.aarnet.edu.au/ubuntu/ trusty-updates/main libapt-pkg4.12 amd64 1.0.1ubuntu2.10 [637 kB]
Get:7 http://mirror.aarnet.edu.au/ubuntu/ trusty-updates/main apt amd64 1.0.1ubuntu2.10 [952 kB]
Get:8 http://mirror.aarnet.edu.au/ubuntu/ trusty-updates/main bsdutils amd64 1:2.20.1-5.1ubuntu20.6 [33.8 kB]
Get:9 http://mirror.aarnet.edu.au/ubuntu/ trusty-updates/main passwd amd64 1:4.1.5.1-1ubuntu9.1 [755 kB]
Get:10 http://mirror.aarnet.edu.au/ubuntu/ trusty-updates/main libuuid1 amd64 2.20.1-5.1ubuntu20.6 [10.9 kB]
Get:11 http://mirror.aarnet.edu.au/ubuntu/ trusty-updates/main libblkid1 amd64 2.20.1-5.1ubuntu20.6 [62.5 kB]
Get:12 http://mirror.aarnet.edu.au/ubuntu/ trusty-updates/main libmount1 amd64 2.20.1-5.1ubuntu20.6 [60.2 kB]
Get:13 http://mirror.aarnet.edu.au/ubuntu/ trusty-updates/main libpcre3 amd64 1:8.31-2ubuntu2.1 [144 kB]
Get:14 http://mirror.aarnet.edu.au/ubuntu/ trusty-updates/main libapt-inst1.5 amd64 1.0.1ubuntu2.10 [58.7 kB]
Get:15 http://mirror.aarnet.edu.au/ubuntu/ trusty-updates/main libsqlite3-0 amd64 3.8.2-1ubuntu2.1 [342 kB]
Get:16 http://mirror.aarnet.edu.au/ubuntu/ trusty-updates/main udev amd64 204-5ubuntu20.13 [735 kB]
Get:17 http://mirror.aarnet.edu.au/ubuntu/ trusty-updates/main libudev1 amd64 204-5ubuntu20.13 [33.2 kB]
Get:18 http://mirror.aarnet.edu.au/ubuntu/ trusty-updates/main libpam-systemd amd64 204-5ubuntu20.13 [25.5 kB]
Get:19 http://mirror.aarnet.edu.au/ubuntu/ trusty-updates/main systemd-services amd64 204-5ubuntu20.13 [197 kB]
Get:20 http://mirror.aarnet.edu.au/ubuntu/ trusty-updates/main libsystemd-daemon0 amd64 204-5ubuntu20.13 [9,668 B]
Get:21 http://mirror.aarnet.edu.au/ubuntu/ trusty-updates/main libparted0debian1 amd64 2.3-19ubuntu1.14.04.1 [203 kB]
Get:22 http://mirror.aarnet.edu.au/ubuntu/ trusty-updates/main libsystemd-login0 amd64 204-5ubuntu20.13 [26.7 kB]
Get:23 http://mirror.aarnet.edu.au/ubuntu/ trusty-updates/main librbd1 amd64 0.80.10-0ubuntu0.14.04.1 [319 kB]
Get:24 http://mirror.aarnet.edu.au/ubuntu/ trusty-updates/main librados2 amd64 0.80.10-0ubuntu0.14.04.1 [1,427 kB]
Get:25 http://mirror.aarnet.edu.au/ubuntu/ trusty-updates/main apt-utils amd64 1.0.1ubuntu2.10 [171 kB]
Get:26 http://mirror.aarnet.edu.au/ubuntu/ trusty-updates/main dh-python all 1.20140128-1ubuntu8.2 [51.1 kB]
Get:27 http://mirror.aarnet.edu.au/ubuntu/ trusty-updates/main iproute2 amd64 3.12.0-2ubuntu1 [401 kB]
Get:28 http://mirror.aarnet.edu.au/ubuntu/ trusty-updates/main libapparmor1 amd64 2.8.95~2430-0ubuntu5.3 [25.5 kB]
Get:29 http://mirror.aarnet.edu.au/ubuntu/ trusty-updates/main libapparmor-perl amd64 2.8.95~2430-0ubuntu5.3 [26.8 kB]
Get:30 http://mirror.aarnet.edu.au/ubuntu/ trusty-updates/main apparmor amd64 2.8.95~2430-0ubuntu5.3 [319 kB]
Get:31 http://mirror.aarnet.edu.au/ubuntu/ trusty-updates/main apt-transport-https amd64 1.0.1ubuntu2.10 [25.1 kB]
Get:32 http://mirror.aarnet.edu.au/ubuntu/ trusty-updates/main bind9-host amd64 1:9.9.5.dfsg-3ubuntu0.4 [46.4 kB]
Get:33 http://mirror.aarnet.edu.au/ubuntu/ trusty-updates/main dnsutils amd64 1:9.9.5.dfsg-3ubuntu0.4 [96.8 kB]
Get:34 http://mirror.aarnet.edu.au/ubuntu/ trusty-updates/main libisc95 amd64 1:9.9.5.dfsg-3ubuntu0.4 [148 kB]
Get:35 http://mirror.aarnet.edu.au/ubuntu/ trusty-updates/main libdns100 amd64 1:9.9.5.dfsg-3ubuntu0.4 [644 kB]
Get:36 http://mirror.aarnet.edu.au/ubuntu/ trusty-updates/main libisccc90 amd64 1:9.9.5.dfsg-3ubuntu0.4 [15.7 kB]
Get:37 http://mirror.aarnet.edu.au/ubuntu/ trusty-updates/main libisccfg90 amd64 1:9.9.5.dfsg-3ubuntu0.4 [35.9 kB]
Get:38 http://mirror.aarnet.edu.au/ubuntu/ trusty-updates/main liblwres90 amd64 1:9.9.5.dfsg-3ubuntu0.4 [32.8 kB]
Get:39 http://mirror.aarnet.edu.au/ubuntu/ trusty-updates/main libbind9-90 amd64 1:9.9.5.dfsg-3ubuntu0.4 [22.0 kB]
Get:40 http://mirror.aarnet.edu.au/ubuntu/ trusty-updates/main openssh-sftp-server amd64 1:6.6p1-2ubuntu2.3 [34.1 kB]
Get:41 http://mirror.aarnet.edu.au/ubuntu/ trusty-updates/main openssh-server amd64 1:6.6p1-2ubuntu2.3 [319 kB]
Get:42 http://mirror.aarnet.edu.au/ubuntu/ trusty-updates/main openssh-client amd64 1:6.6p1-2ubuntu2.3 [564 kB]
Get:43 http://mirror.aarnet.edu.au/ubuntu/ trusty-updates/main parted amd64 2.3-19ubuntu1.14.04.1 [44.2 kB]
Get:44 http://mirror.aarnet.edu.au/ubuntu/ trusty-updates/main uuid-runtime amd64 2.20.1-5.1ubuntu20.6 [12.3 kB]
Get:45 http://mirror.aarnet.edu.au/ubuntu/ trusty-updates/main qemu-utils amd64 2.0.0+dfsg-2ubuntu1.16 [413 kB]
Get:46 http://mirror.aarnet.edu.au/ubuntu/ trusty-updates/main cloud-init all 0.7.5-0ubuntu1.7 [195 kB]
Fetched 10.8 MB in 19s (554 kB/s)                                              
Extracting templates from packages: 100%
Preconfiguring packages ...
(Reading database ... 51834 files and directories currently installed.)
Preparing to unpack .../base-files_7.2ubuntu5.3_amd64.deb ...
Unpacking base-files (7.2ubuntu5.3) over (7.2ubuntu5.2) ...
Processing triggers for install-info (5.2.0.dfsg.1-2) ...
Processing triggers for man-db (2.6.7.1-1ubuntu1) ...
Processing triggers for plymouth-theme-ubuntu-text (0.8.8-0ubuntu17.1) ...
update-initramfs: deferring update (trigger activated)
Processing triggers for initramfs-tools (0.103ubuntu4.2) ...
update-initramfs: Generating /boot/initrd.img-3.13.0-58-generic
Setting up base-files (7.2ubuntu5.3) ...
Installing new version of config file /etc/issue ...
Installing new version of config file /etc/issue.net ...
Installing new version of config file /etc/lsb-release ...
Installing new version of config file /etc/os-release ...
Processing triggers for plymouth-theme-ubuntu-text (0.8.8-0ubuntu17.1) ...
update-initramfs: deferring update (trigger activated)
Processing triggers for initramfs-tools (0.103ubuntu4.2) ...
update-initramfs: Generating /boot/initrd.img-3.13.0-58-generic
(Reading database ... 51834 files and directories currently installed.)
Preparing to unpack .../login_1%3a4.1.5.1-1ubuntu9.1_amd64.deb ...
Unpacking login (1:4.1.5.1-1ubuntu9.1) over (1:4.1.5.1-1ubuntu9) ...
Processing triggers for man-db (2.6.7.1-1ubuntu1) ...
Setting up login (1:4.1.5.1-1ubuntu9.1) ...
(Reading database ... 51834 files and directories currently installed.)
Preparing to unpack .../mount_2.20.1-5.1ubuntu20.6_amd64.deb ...
Unpacking mount (2.20.1-5.1ubuntu20.6) over (2.20.1-5.1ubuntu20.4) ...
Processing triggers for man-db (2.6.7.1-1ubuntu1) ...
Setting up mount (2.20.1-5.1ubuntu20.6) ...
(Reading database ... 51834 files and directories currently installed.)
Preparing to unpack .../tzdata_2015f-0ubuntu0.14.04_all.deb ...
Unpacking tzdata (2015f-0ubuntu0.14.04) over (2015d-0ubuntu0.14.04) ...
Setting up tzdata (2015f-0ubuntu0.14.04) ...

User defined time zone, leaving /etc/localtime unchanged.
Local time is now:      Thu Aug 27 15:30:53 AEST 2015.
Universal Time is now:  Thu Aug 27 05:30:53 UTC 2015.
Run 'dpkg-reconfigure tzdata' if you wish to change it.

(Reading database ... 51834 files and directories currently installed.)
Preparing to unpack .../util-linux_2.20.1-5.1ubuntu20.6_amd64.deb ...
Unpacking util-linux (2.20.1-5.1ubuntu20.6) over (2.20.1-5.1ubuntu20.4) ...
Processing triggers for install-info (5.2.0.dfsg.1-2) ...
Processing triggers for man-db (2.6.7.1-1ubuntu1) ...
Processing triggers for mime-support (3.54ubuntu1.1) ...
Processing triggers for ureadahead (0.100.0-16) ...
Setting up util-linux (2.20.1-5.1ubuntu20.6) ...
(Reading database ... 51834 files and directories currently installed.)
Preparing to unpack .../libapt-pkg4.12_1.0.1ubuntu2.10_amd64.deb ...
Unpacking libapt-pkg4.12:amd64 (1.0.1ubuntu2.10) over (1.0.1ubuntu2.8) ...
Setting up libapt-pkg4.12:amd64 (1.0.1ubuntu2.10) ...
Processing triggers for libc-bin (2.19-0ubuntu6.6) ...
(Reading database ... 51834 files and directories currently installed.)
Preparing to unpack .../apt_1.0.1ubuntu2.10_amd64.deb ...
Unpacking apt (1.0.1ubuntu2.10) over (1.0.1ubuntu2.8) ...
Processing triggers for man-db (2.6.7.1-1ubuntu1) ...
Setting up apt (1.0.1ubuntu2.10) ...
Processing triggers for libc-bin (2.19-0ubuntu6.6) ...
(Reading database ... 51834 files and directories currently installed.)
Preparing to unpack .../bsdutils_1%3a2.20.1-5.1ubuntu20.6_amd64.deb ...
Unpacking bsdutils (1:2.20.1-5.1ubuntu20.6) over (1:2.20.1-5.1ubuntu20.4) ...
Processing triggers for man-db (2.6.7.1-1ubuntu1) ...
Setting up bsdutils (1:2.20.1-5.1ubuntu20.6) ...
(Reading database ... 51834 files and directories currently installed.)
Preparing to unpack .../passwd_1%3a4.1.5.1-1ubuntu9.1_amd64.deb ...
Unpacking passwd (1:4.1.5.1-1ubuntu9.1) over (1:4.1.5.1-1ubuntu9) ...
Processing triggers for ureadahead (0.100.0-16) ...
Processing triggers for man-db (2.6.7.1-1ubuntu1) ...
Setting up passwd (1:4.1.5.1-1ubuntu9.1) ...
(Reading database ... 51834 files and directories currently installed.)
Preparing to unpack .../libuuid1_2.20.1-5.1ubuntu20.6_amd64.deb ...
Unpacking libuuid1:amd64 (2.20.1-5.1ubuntu20.6) over (2.20.1-5.1ubuntu20.4) ...
Setting up libuuid1:amd64 (2.20.1-5.1ubuntu20.6) ...
Processing triggers for libc-bin (2.19-0ubuntu6.6) ...
(Reading database ... 51834 files and directories currently installed.)
Preparing to unpack .../libblkid1_2.20.1-5.1ubuntu20.6_amd64.deb ...
Unpacking libblkid1:amd64 (2.20.1-5.1ubuntu20.6) over (2.20.1-5.1ubuntu20.4) ...
Setting up libblkid1:amd64 (2.20.1-5.1ubuntu20.6) ...
Processing triggers for libc-bin (2.19-0ubuntu6.6) ...
(Reading database ... 51834 files and directories currently installed.)
Preparing to unpack .../libmount1_2.20.1-5.1ubuntu20.6_amd64.deb ...
Unpacking libmount1:amd64 (2.20.1-5.1ubuntu20.6) over (2.20.1-5.1ubuntu20.4) ...
Setting up libmount1:amd64 (2.20.1-5.1ubuntu20.6) ...
Processing triggers for libc-bin (2.19-0ubuntu6.6) ...
(Reading database ... 51834 files and directories currently installed.)
Preparing to unpack .../libpcre3_1%3a8.31-2ubuntu2.1_amd64.deb ...
Unpacking libpcre3:amd64 (1:8.31-2ubuntu2.1) over (1:8.31-2ubuntu2) ...
Processing triggers for man-db (2.6.7.1-1ubuntu1) ...
Setting up libpcre3:amd64 (1:8.31-2ubuntu2.1) ...
Processing triggers for libc-bin (2.19-0ubuntu6.6) ...
(Reading database ... 51834 files and directories currently installed.)
Preparing to unpack .../libapt-inst1.5_1.0.1ubuntu2.10_amd64.deb ...
Unpacking libapt-inst1.5:amd64 (1.0.1ubuntu2.10) over (1.0.1ubuntu2.8) ...
Preparing to unpack .../libsqlite3-0_3.8.2-1ubuntu2.1_amd64.deb ...
Unpacking libsqlite3-0:amd64 (3.8.2-1ubuntu2.1) over (3.8.2-1ubuntu2) ...
Preparing to unpack .../udev_204-5ubuntu20.13_amd64.deb ...
Adding 'diversion of /bin/udevadm to /bin/udevadm.upgrade by fake-udev'
Unpacking udev (204-5ubuntu20.13) over (204-5ubuntu20.12) ...
Preparing to unpack .../libudev1_204-5ubuntu20.13_amd64.deb ...
Unpacking libudev1:amd64 (204-5ubuntu20.13) over (204-5ubuntu20.12) ...
Preparing to unpack .../libpam-systemd_204-5ubuntu20.13_amd64.deb ...
systemd-logind stop/waiting
Unpacking libpam-systemd:amd64 (204-5ubuntu20.13) over (204-5ubuntu20.12) ...
Preparing to unpack .../systemd-services_204-5ubuntu20.13_amd64.deb ...
Unpacking systemd-services (204-5ubuntu20.13) over (204-5ubuntu20.12) ...
Preparing to unpack .../libsystemd-daemon0_204-5ubuntu20.13_amd64.deb ...
Unpacking libsystemd-daemon0:amd64 (204-5ubuntu20.13) over (204-5ubuntu20.12) ...
Preparing to unpack .../libparted0debian1_2.3-19ubuntu1.14.04.1_amd64.deb ...
Unpacking libparted0debian1:amd64 (2.3-19ubuntu1.14.04.1) over (2.3-19ubuntu1) ...
Preparing to unpack .../libsystemd-login0_204-5ubuntu20.13_amd64.deb ...
Unpacking libsystemd-login0:amd64 (204-5ubuntu20.13) over (204-5ubuntu20.12) ...
Preparing to unpack .../librbd1_0.80.10-0ubuntu0.14.04.1_amd64.deb ...
Unpacking librbd1 (0.80.10-0ubuntu0.14.04.1) over (0.80.9-0ubuntu0.14.04.2) ...
Preparing to unpack .../librados2_0.80.10-0ubuntu0.14.04.1_amd64.deb ...
Unpacking librados2 (0.80.10-0ubuntu0.14.04.1) over (0.80.9-0ubuntu0.14.04.2) ...
Preparing to unpack .../apt-utils_1.0.1ubuntu2.10_amd64.deb ...
Unpacking apt-utils (1.0.1ubuntu2.10) over (1.0.1ubuntu2.8) ...
Preparing to unpack .../dh-python_1.20140128-1ubuntu8.2_all.deb ...
Unpacking dh-python (1.20140128-1ubuntu8.2) over (1.20140128-1ubuntu8.1) ...
Preparing to unpack .../iproute2_3.12.0-2ubuntu1_amd64.deb ...
Unpacking iproute2 (3.12.0-2ubuntu1) over (3.12.0-2) ...
Preparing to unpack .../libapparmor1_2.8.95~2430-0ubuntu5.3_amd64.deb ...
Unpacking libapparmor1:amd64 (2.8.95~2430-0ubuntu5.3) over (2.8.95~2430-0ubuntu5.2) ...
Preparing to unpack .../libapparmor-perl_2.8.95~2430-0ubuntu5.3_amd64.deb ...
Unpacking libapparmor-perl (2.8.95~2430-0ubuntu5.3) over (2.8.95~2430-0ubuntu5.2) ...
Preparing to unpack .../apparmor_2.8.95~2430-0ubuntu5.3_amd64.deb ...
Unpacking apparmor (2.8.95~2430-0ubuntu5.3) over (2.8.95~2430-0ubuntu5.2) ...
Preparing to unpack .../apt-transport-https_1.0.1ubuntu2.10_amd64.deb ...
Unpacking apt-transport-https (1.0.1ubuntu2.10) over (1.0.1ubuntu2.8) ...
Preparing to unpack .../bind9-host_1%3a9.9.5.dfsg-3ubuntu0.4_amd64.deb ...
Unpacking bind9-host (1:9.9.5.dfsg-3ubuntu0.4) over (1:9.9.5.dfsg-3ubuntu0.3) ...
Preparing to unpack .../dnsutils_1%3a9.9.5.dfsg-3ubuntu0.4_amd64.deb ...
Unpacking dnsutils (1:9.9.5.dfsg-3ubuntu0.4) over (1:9.9.5.dfsg-3ubuntu0.3) ...
Preparing to unpack .../libisc95_1%3a9.9.5.dfsg-3ubuntu0.4_amd64.deb ...
Unpacking libisc95 (1:9.9.5.dfsg-3ubuntu0.4) over (1:9.9.5.dfsg-3ubuntu0.3) ...
Preparing to unpack .../libdns100_1%3a9.9.5.dfsg-3ubuntu0.4_amd64.deb ...
Unpacking libdns100 (1:9.9.5.dfsg-3ubuntu0.4) over (1:9.9.5.dfsg-3ubuntu0.3) ...
Preparing to unpack .../libisccc90_1%3a9.9.5.dfsg-3ubuntu0.4_amd64.deb ...
Unpacking libisccc90 (1:9.9.5.dfsg-3ubuntu0.4) over (1:9.9.5.dfsg-3ubuntu0.3) ...
Preparing to unpack .../libisccfg90_1%3a9.9.5.dfsg-3ubuntu0.4_amd64.deb ...
Unpacking libisccfg90 (1:9.9.5.dfsg-3ubuntu0.4) over (1:9.9.5.dfsg-3ubuntu0.3) ...
Preparing to unpack .../liblwres90_1%3a9.9.5.dfsg-3ubuntu0.4_amd64.deb ...
Unpacking liblwres90 (1:9.9.5.dfsg-3ubuntu0.4) over (1:9.9.5.dfsg-3ubuntu0.3) ...
Preparing to unpack .../libbind9-90_1%3a9.9.5.dfsg-3ubuntu0.4_amd64.deb ...
Unpacking libbind9-90 (1:9.9.5.dfsg-3ubuntu0.4) over (1:9.9.5.dfsg-3ubuntu0.3) ...
Preparing to unpack .../openssh-sftp-server_1%3a6.6p1-2ubuntu2.3_amd64.deb ...
Unpacking openssh-sftp-server (1:6.6p1-2ubuntu2.3) over (1:6.6p1-2ubuntu2) ...
Preparing to unpack .../openssh-server_1%3a6.6p1-2ubuntu2.3_amd64.deb ...
Unpacking openssh-server (1:6.6p1-2ubuntu2.3) over (1:6.6p1-2ubuntu2) ...
Preparing to unpack .../openssh-client_1%3a6.6p1-2ubuntu2.3_amd64.deb ...
Unpacking openssh-client (1:6.6p1-2ubuntu2.3) over (1:6.6p1-2ubuntu2) ...
Preparing to unpack .../parted_2.3-19ubuntu1.14.04.1_amd64.deb ...
Unpacking parted (2.3-19ubuntu1.14.04.1) over (2.3-19ubuntu1) ...
Preparing to unpack .../uuid-runtime_2.20.1-5.1ubuntu20.6_amd64.deb ...
Unpacking uuid-runtime (2.20.1-5.1ubuntu20.6) over (2.20.1-5.1ubuntu20.4) ...
Preparing to unpack .../qemu-utils_2.0.0+dfsg-2ubuntu1.16_amd64.deb ...
Unpacking qemu-utils (2.0.0+dfsg-2ubuntu1.16) over (2.0.0+dfsg-2ubuntu1.14) ...
Preparing to unpack .../cloud-init_0.7.5-0ubuntu1.7_all.deb ...
Unpacking cloud-init (0.7.5-0ubuntu1.7) over (0.7.5-0ubuntu1.6) ...
Processing triggers for man-db (2.6.7.1-1ubuntu1) ...
Processing triggers for ureadahead (0.100.0-16) ...
Processing triggers for ufw (0.34~rc-0ubuntu2) ...
Setting up libapt-inst1.5:amd64 (1.0.1ubuntu2.10) ...
Setting up libsqlite3-0:amd64 (3.8.2-1ubuntu2.1) ...
Setting up libudev1:amd64 (204-5ubuntu20.13) ...
Setting up udev (204-5ubuntu20.13) ...
udev stop/waiting
udev start/running, process 11019
Removing 'diversion of /bin/udevadm to /bin/udevadm.upgrade by fake-udev'
update-initramfs: deferring update (trigger activated)
Setting up libsystemd-daemon0:amd64 (204-5ubuntu20.13) ...
Setting up systemd-services (204-5ubuntu20.13) ...
Setting up libpam-systemd:amd64 (204-5ubuntu20.13) ...
systemd-logind start/running, process 11088
Setting up libparted0debian1:amd64 (2.3-19ubuntu1.14.04.1) ...
Setting up libsystemd-login0:amd64 (204-5ubuntu20.13) ...
Setting up librados2 (0.80.10-0ubuntu0.14.04.1) ...
Setting up librbd1 (0.80.10-0ubuntu0.14.04.1) ...
Setting up apt-utils (1.0.1ubuntu2.10) ...
Setting up dh-python (1.20140128-1ubuntu8.2) ...
Setting up iproute2 (3.12.0-2ubuntu1) ...
Setting up libapparmor1:amd64 (2.8.95~2430-0ubuntu5.3) ...
Setting up libapparmor-perl (2.8.95~2430-0ubuntu5.3) ...
Setting up apparmor (2.8.95~2430-0ubuntu5.3) ...
 * Starting AppArmor profiles                                                                        Skipping profile in /etc/apparmor.d/disable: usr.sbin.rsyslogd
                                                                                              [ OK ]
 * Reloading AppArmor profiles                                                                       Skipping profile in /etc/apparmor.d/disable: usr.sbin.rsyslogd
                                                                                              [ OK ]
Setting up apt-transport-https (1.0.1ubuntu2.10) ...
Setting up libisc95 (1:9.9.5.dfsg-3ubuntu0.4) ...
Setting up libdns100 (1:9.9.5.dfsg-3ubuntu0.4) ...
Setting up libisccc90 (1:9.9.5.dfsg-3ubuntu0.4) ...
Setting up libisccfg90 (1:9.9.5.dfsg-3ubuntu0.4) ...
Setting up libbind9-90 (1:9.9.5.dfsg-3ubuntu0.4) ...
Setting up liblwres90 (1:9.9.5.dfsg-3ubuntu0.4) ...
Setting up bind9-host (1:9.9.5.dfsg-3ubuntu0.4) ...
Setting up dnsutils (1:9.9.5.dfsg-3ubuntu0.4) ...
Setting up openssh-client (1:6.6p1-2ubuntu2.3) ...
Setting up openssh-sftp-server (1:6.6p1-2ubuntu2.3) ...
Setting up openssh-server (1:6.6p1-2ubuntu2.3) ...
Creating SSH2 ED25519 key; this may take some time ...
ssh stop/waiting
ssh start/running, process 11422
Setting up parted (2.3-19ubuntu1.14.04.1) ...
Setting up uuid-runtime (2.20.1-5.1ubuntu20.6) ...
Setting up qemu-utils (2.0.0+dfsg-2ubuntu1.16) ...
Setting up cloud-init (0.7.5-0ubuntu1.7) ...
Leaving 'diversion of /etc/init/ureadahead.conf to /etc/init/ureadahead.conf.disabled by cloud-init'
Processing triggers for libc-bin (2.19-0ubuntu6.6) ...
Processing triggers for initramfs-tools (0.103ubuntu4.2) ...
update-initramfs: Generating /boot/initrd.img-3.13.0-58-generic
ubuntu@small---root:~/GitHub$ sget build-essentials
Reading package lists... Done
Building dependency tree       
Reading state information... Done
E: Unable to locate package build-essentials
ubuntu@small---root:~/GitHub$ man -k build-essentials
build-essentials: nothing appropriate.
ubuntu@small---root:~/GitHub$ man history
ubuntu@small---root:~/GitHub$ sget git
Reading package lists... Done
Building dependency tree       
Reading state information... Done
The following extra packages will be installed:
  git-man liberror-perl patch
Suggested packages:
  git-daemon-run git-daemon-sysvinit git-doc git-el git-email git-gui gitk
  gitweb git-arch git-bzr git-cvs git-mediawiki git-svn diffutils-doc
The following NEW packages will be installed:
  git git-man liberror-perl patch
0 to upgrade, 4 to newly install, 0 to remove and 4 not to upgrade.
Need to get 3,432 kB of archives.
After this operation, 21.8 MB of additional disk space will be used.
Do you want to continue? [Y/n] y
Get:1 http://mirror.aarnet.edu.au/ubuntu/ trusty/main liberror-perl all 0.17-1.1 [21.1 kB]
Get:2 http://mirror.aarnet.edu.au/ubuntu/ trusty-updates/main git-man all 1:1.9.1-1ubuntu0.1 [698 kB]
Get:3 http://mirror.aarnet.edu.au/ubuntu/ trusty-updates/main git amd64 1:1.9.1-1ubuntu0.1 [2,627 kB]
Get:4 http://mirror.aarnet.edu.au/ubuntu/ trusty-updates/main patch amd64 2.7.1-4ubuntu2.3 [86.4 kB]
Fetched 3,432 kB in 10s (340 kB/s)                                             
Selecting previously unselected package liberror-perl.
(Reading database ... 51834 files and directories currently installed.)
Preparing to unpack .../liberror-perl_0.17-1.1_all.deb ...
Unpacking liberror-perl (0.17-1.1) ...
Selecting previously unselected package git-man.
Preparing to unpack .../git-man_1%3a1.9.1-1ubuntu0.1_all.deb ...
Unpacking git-man (1:1.9.1-1ubuntu0.1) ...
Selecting previously unselected package git.
Preparing to unpack .../git_1%3a1.9.1-1ubuntu0.1_amd64.deb ...
Unpacking git (1:1.9.1-1ubuntu0.1) ...
Selecting previously unselected package patch.
Preparing to unpack .../patch_2.7.1-4ubuntu2.3_amd64.deb ...
Unpacking patch (2.7.1-4ubuntu2.3) ...
Processing triggers for man-db (2.6.7.1-1ubuntu1) ...
Setting up liberror-perl (0.17-1.1) ...
Setting up git-man (1:1.9.1-1ubuntu0.1) ...
Setting up git (1:1.9.1-1ubuntu0.1) ...
Setting up patch (2.7.1-4ubuntu2.3) ...
ubuntu@small---root:~/GitHub$ git clone https://github.com/lowelab/pericopsis.git pericopsis_git
Cloning into 'pericopsis_git'...
remote: Counting objects: 16, done.
remote: Compressing objects: 100% (13/13), done.
remote: Total 16 (delta 5), reused 10 (delta 2), pack-reused 0
Unpacking objects: 100% (16/16), done.
Checking connectivity... done.
ubuntu@small---root:~/GitHub$ git clone https://github.com/lowelab/scripts.git scripts_git
Cloning into 'scripts_git'...
remote: Counting objects: 22, done.
remote: Compressing objects: 100% (15/15), done.
remote: Total 22 (delta 6), reused 22 (delta 6), pack-reused 0
Unpacking objects: 100% (22/22), done.
Checking connectivity... done.
ubuntu@small---root:~/GitHub$ sget gcc
Reading package lists... Done
Building dependency tree       
Reading state information... Done
The following extra packages will be installed:
  binutils cpp cpp-4.8 gcc-4.8 libasan0 libatomic1 libc-dev-bin libc6-dev
  libcloog-isl4 libgcc-4.8-dev libgmp10 libgomp1 libisl10 libitm1 libmpc3
  libmpfr4 libquadmath0 libtsan0 linux-libc-dev manpages-dev
Suggested packages:
  binutils-doc cpp-doc gcc-4.8-locales gcc-multilib make autoconf automake1.9
  libtool flex bison gdb gcc-doc gcc-4.8-multilib gcc-4.8-doc libgcc1-dbg
  libgomp1-dbg libitm1-dbg libatomic1-dbg libasan0-dbg libtsan0-dbg
  libquadmath0-dbg glibc-doc
The following NEW packages will be installed:
  binutils cpp cpp-4.8 gcc gcc-4.8 libasan0 libatomic1 libc-dev-bin libc6-dev
  libcloog-isl4 libgcc-4.8-dev libgmp10 libgomp1 libisl10 libitm1 libmpc3
  libmpfr4 libquadmath0 libtsan0 linux-libc-dev manpages-dev
0 to upgrade, 21 to newly install, 0 to remove and 4 not to upgrade.
Need to get 19.3 MB of archives.
After this operation, 70.6 MB of additional disk space will be used.
Do you want to continue? [Y/n] y
Get:1 http://mirror.aarnet.edu.au/ubuntu/ trusty-updates/main libasan0 amd64 4.8.4-2ubuntu1~14.04 [63.0 kB]
Get:2 http://mirror.aarnet.edu.au/ubuntu/ trusty-updates/main libatomic1 amd64 4.8.4-2ubuntu1~14.04 [8,650 B]
Get:3 http://mirror.aarnet.edu.au/ubuntu/ trusty/main libgmp10 amd64 2:5.1.3+dfsg-1ubuntu1 [218 kB]
Get:4 http://mirror.aarnet.edu.au/ubuntu/ trusty/main libisl10 amd64 0.12.2-1 [419 kB]
Get:5 http://mirror.aarnet.edu.au/ubuntu/ trusty/main libcloog-isl4 amd64 0.18.2-1 [57.5 kB]
Get:6 http://mirror.aarnet.edu.au/ubuntu/ trusty-updates/main libgomp1 amd64 4.8.4-2ubuntu1~14.04 [23.1 kB]
Get:7 http://mirror.aarnet.edu.au/ubuntu/ trusty-updates/main libitm1 amd64 4.8.4-2ubuntu1~14.04 [28.6 kB]
Get:8 http://mirror.aarnet.edu.au/ubuntu/ trusty/main libmpfr4 amd64 3.1.2-1 [203 kB]
Get:9 http://mirror.aarnet.edu.au/ubuntu/ trusty-updates/main libquadmath0 amd64 4.8.4-2ubuntu1~14.04 [126 kB]
Get:10 http://mirror.aarnet.edu.au/ubuntu/ trusty-updates/main libtsan0 amd64 4.8.4-2ubuntu1~14.04 [94.7 kB]
Get:11 http://mirror.aarnet.edu.au/ubuntu/ trusty/main libmpc3 amd64 1.0.1-1ubuntu1 [38.4 kB]
Get:12 http://mirror.aarnet.edu.au/ubuntu/ trusty-updates/main binutils amd64 2.24-5ubuntu13 [2,076 kB]
Get:13 http://mirror.aarnet.edu.au/ubuntu/ trusty-updates/main cpp-4.8 amd64 4.8.4-2ubuntu1~14.04 [4,597 kB]
Get:14 http://mirror.aarnet.edu.au/ubuntu/ trusty/main cpp amd64 4:4.8.2-1ubuntu6 [27.5 kB]
Get:15 http://mirror.aarnet.edu.au/ubuntu/ trusty-updates/main libgcc-4.8-dev amd64 4.8.4-2ubuntu1~14.04 [1,687 kB]
Get:16 http://mirror.aarnet.edu.au/ubuntu/ trusty-updates/main gcc-4.8 amd64 4.8.4-2ubuntu1~14.04 [5,049 kB]
Get:17 http://mirror.aarnet.edu.au/ubuntu/ trusty/main gcc amd64 4:4.8.2-1ubuntu6 [5,098 B]
Get:18 http://mirror.aarnet.edu.au/ubuntu/ trusty-updates/main libc-dev-bin amd64 2.19-0ubuntu6.6 [68.9 kB]
Get:19 http://mirror.aarnet.edu.au/ubuntu/ trusty-updates/main linux-libc-dev amd64 3.13.0-62.102 [776 kB]
Get:20 http://mirror.aarnet.edu.au/ubuntu/ trusty-updates/main libc6-dev amd64 2.19-0ubuntu6.6 [1,910 kB]
Get:21 http://mirror.aarnet.edu.au/ubuntu/ trusty/main manpages-dev all 3.54-1ubuntu1 [1,820 kB]
Fetched 19.3 MB in 29s (662 kB/s)                                              
Selecting previously unselected package libasan0:amd64.
(Reading database ... 52592 files and directories currently installed.)
Preparing to unpack .../libasan0_4.8.4-2ubuntu1~14.04_amd64.deb ...
Unpacking libasan0:amd64 (4.8.4-2ubuntu1~14.04) ...
Selecting previously unselected package libatomic1:amd64.
Preparing to unpack .../libatomic1_4.8.4-2ubuntu1~14.04_amd64.deb ...
Unpacking libatomic1:amd64 (4.8.4-2ubuntu1~14.04) ...
Selecting previously unselected package libgmp10:amd64.
Preparing to unpack .../libgmp10_2%3a5.1.3+dfsg-1ubuntu1_amd64.deb ...
Unpacking libgmp10:amd64 (2:5.1.3+dfsg-1ubuntu1) ...
Selecting previously unselected package libisl10:amd64.
Preparing to unpack .../libisl10_0.12.2-1_amd64.deb ...
Unpacking libisl10:amd64 (0.12.2-1) ...
Selecting previously unselected package libcloog-isl4:amd64.
Preparing to unpack .../libcloog-isl4_0.18.2-1_amd64.deb ...
Unpacking libcloog-isl4:amd64 (0.18.2-1) ...
Selecting previously unselected package libgomp1:amd64.
Preparing to unpack .../libgomp1_4.8.4-2ubuntu1~14.04_amd64.deb ...
Unpacking libgomp1:amd64 (4.8.4-2ubuntu1~14.04) ...
Selecting previously unselected package libitm1:amd64.
Preparing to unpack .../libitm1_4.8.4-2ubuntu1~14.04_amd64.deb ...
Unpacking libitm1:amd64 (4.8.4-2ubuntu1~14.04) ...
Selecting previously unselected package libmpfr4:amd64.
Preparing to unpack .../libmpfr4_3.1.2-1_amd64.deb ...
Unpacking libmpfr4:amd64 (3.1.2-1) ...
Selecting previously unselected package libquadmath0:amd64.
Preparing to unpack .../libquadmath0_4.8.4-2ubuntu1~14.04_amd64.deb ...
Unpacking libquadmath0:amd64 (4.8.4-2ubuntu1~14.04) ...
Selecting previously unselected package libtsan0:amd64.
Preparing to unpack .../libtsan0_4.8.4-2ubuntu1~14.04_amd64.deb ...
Unpacking libtsan0:amd64 (4.8.4-2ubuntu1~14.04) ...
Selecting previously unselected package libmpc3:amd64.
Preparing to unpack .../libmpc3_1.0.1-1ubuntu1_amd64.deb ...
Unpacking libmpc3:amd64 (1.0.1-1ubuntu1) ...
Selecting previously unselected package binutils.
Preparing to unpack .../binutils_2.24-5ubuntu13_amd64.deb ...
Unpacking binutils (2.24-5ubuntu13) ...
Selecting previously unselected package cpp-4.8.
Preparing to unpack .../cpp-4.8_4.8.4-2ubuntu1~14.04_amd64.deb ...
Unpacking cpp-4.8 (4.8.4-2ubuntu1~14.04) ...
Selecting previously unselected package cpp.
Preparing to unpack .../cpp_4%3a4.8.2-1ubuntu6_amd64.deb ...
Unpacking cpp (4:4.8.2-1ubuntu6) ...
Selecting previously unselected package libgcc-4.8-dev:amd64.
Preparing to unpack .../libgcc-4.8-dev_4.8.4-2ubuntu1~14.04_amd64.deb ...
Unpacking libgcc-4.8-dev:amd64 (4.8.4-2ubuntu1~14.04) ...
Selecting previously unselected package gcc-4.8.
Preparing to unpack .../gcc-4.8_4.8.4-2ubuntu1~14.04_amd64.deb ...
Unpacking gcc-4.8 (4.8.4-2ubuntu1~14.04) ...
Selecting previously unselected package gcc.
Preparing to unpack .../gcc_4%3a4.8.2-1ubuntu6_amd64.deb ...
Unpacking gcc (4:4.8.2-1ubuntu6) ...
Selecting previously unselected package libc-dev-bin.
Preparing to unpack .../libc-dev-bin_2.19-0ubuntu6.6_amd64.deb ...
Unpacking libc-dev-bin (2.19-0ubuntu6.6) ...
Selecting previously unselected package linux-libc-dev:amd64.
Preparing to unpack .../linux-libc-dev_3.13.0-62.102_amd64.deb ...
Unpacking linux-libc-dev:amd64 (3.13.0-62.102) ...
Selecting previously unselected package libc6-dev:amd64.
Preparing to unpack .../libc6-dev_2.19-0ubuntu6.6_amd64.deb ...
Unpacking libc6-dev:amd64 (2.19-0ubuntu6.6) ...
Selecting previously unselected package manpages-dev.
Preparing to unpack .../manpages-dev_3.54-1ubuntu1_all.deb ...
Unpacking manpages-dev (3.54-1ubuntu1) ...
Processing triggers for man-db (2.6.7.1-1ubuntu1) ...
Setting up libasan0:amd64 (4.8.4-2ubuntu1~14.04) ...
Setting up libatomic1:amd64 (4.8.4-2ubuntu1~14.04) ...
Setting up libgmp10:amd64 (2:5.1.3+dfsg-1ubuntu1) ...
Setting up libisl10:amd64 (0.12.2-1) ...
Setting up libcloog-isl4:amd64 (0.18.2-1) ...
Setting up libgomp1:amd64 (4.8.4-2ubuntu1~14.04) ...
Setting up libitm1:amd64 (4.8.4-2ubuntu1~14.04) ...
Setting up libmpfr4:amd64 (3.1.2-1) ...
Setting up libquadmath0:amd64 (4.8.4-2ubuntu1~14.04) ...
Setting up libtsan0:amd64 (4.8.4-2ubuntu1~14.04) ...
Setting up libmpc3:amd64 (1.0.1-1ubuntu1) ...
Setting up binutils (2.24-5ubuntu13) ...
Setting up cpp-4.8 (4.8.4-2ubuntu1~14.04) ...
Setting up cpp (4:4.8.2-1ubuntu6) ...
Setting up libgcc-4.8-dev:amd64 (4.8.4-2ubuntu1~14.04) ...
Setting up gcc-4.8 (4.8.4-2ubuntu1~14.04) ...
Setting up gcc (4:4.8.2-1ubuntu6) ...
Setting up libc-dev-bin (2.19-0ubuntu6.6) ...
Setting up linux-libc-dev:amd64 (3.13.0-62.102) ...
Setting up libc6-dev:amd64 (2.19-0ubuntu6.6) ...
Setting up manpages-dev (3.54-1ubuntu1) ...
Processing triggers for libc-bin (2.19-0ubuntu6.6) ...
ubuntu@small---root:~/GitHub$ cd ~
ubuntu@small---root:~$ sget g77
Reading package lists... Done
Building dependency tree       
Reading state information... Done
Package g77 is not available, but is referred to by another package.
This may mean that the package is missing, has been obsoleted, or
is only available from another source

E: Package 'g77' has no installation candidate
ubuntu@small---root:~$ python
Python 2.7.6 (default, Jun 22 2015, 17:58:13) 
[GCC 4.8.2] on linux2
Type "help", "copyright", "credits" or "license" for more information.
>>> quit()
ubuntu@small---root:~$ sget python2.7-dev
Reading package lists... Done
Building dependency tree       
Reading state information... Done
The following extra packages will be installed:
  libexpat1-dev libpython2.7 libpython2.7-dev
The following NEW packages will be installed:
  libexpat1-dev libpython2.7 libpython2.7-dev python2.7-dev
0 to upgrade, 4 to newly install, 0 to remove and 4 not to upgrade.
Need to get 23.4 MB of archives.
After this operation, 38.6 MB of additional disk space will be used.
Do you want to continue? [Y/n] y
Get:1 http://mirror.aarnet.edu.au/ubuntu/ trusty-updates/main libpython2.7 amd64 2.7.6-8ubuntu0.2 [1,039 kB]
Get:2 http://mirror.aarnet.edu.au/ubuntu/ trusty/main libexpat1-dev amd64 2.1.0-4ubuntu1 [115 kB]
Get:3 http://mirror.aarnet.edu.au/ubuntu/ trusty-updates/main libpython2.7-dev amd64 2.7.6-8ubuntu0.2 [22.0 MB]
Get:4 http://mirror.aarnet.edu.au/ubuntu/ trusty-updates/main python2.7-dev amd64 2.7.6-8ubuntu0.2 [269 kB]
Fetched 23.4 MB in 22s (1,065 kB/s)                                            
Selecting previously unselected package libpython2.7:amd64.
(Reading database ... 56205 files and directories currently installed.)
Preparing to unpack .../libpython2.7_2.7.6-8ubuntu0.2_amd64.deb ...
Unpacking libpython2.7:amd64 (2.7.6-8ubuntu0.2) ...
Selecting previously unselected package libexpat1-dev:amd64.
Preparing to unpack .../libexpat1-dev_2.1.0-4ubuntu1_amd64.deb ...
Unpacking libexpat1-dev:amd64 (2.1.0-4ubuntu1) ...
Selecting previously unselected package libpython2.7-dev:amd64.
Preparing to unpack .../libpython2.7-dev_2.7.6-8ubuntu0.2_amd64.deb ...
Unpacking libpython2.7-dev:amd64 (2.7.6-8ubuntu0.2) ...
Selecting previously unselected package python2.7-dev.
Preparing to unpack .../python2.7-dev_2.7.6-8ubuntu0.2_amd64.deb ...
Unpacking python2.7-dev (2.7.6-8ubuntu0.2) ...
Processing triggers for man-db (2.6.7.1-1ubuntu1) ...
Setting up libpython2.7:amd64 (2.7.6-8ubuntu0.2) ...
Setting up libexpat1-dev:amd64 (2.1.0-4ubuntu1) ...
Setting up libpython2.7-dev:amd64 (2.7.6-8ubuntu0.2) ...
Setting up python2.7-dev (2.7.6-8ubuntu0.2) ...
Processing triggers for libc-bin (2.19-0ubuntu6.6) ...
ubuntu@small---root:~$ sget python-numpy python-scipy python-biopython
Reading package lists... Done
Building dependency tree       
Reading state information... Done
The following extra packages will be installed:
  g++ g++-4.8 libamd2.3.1 libart-2.0-2 libblas3 libcamd2.3.1 libccolamd2.8.0
  libcholmod2.1.2 libcolamd2.8.0 libgfortran3 libjbig0 libjpeg-turbo8 libjpeg8
  liblapack3 liblcms2-2 libpython-dev libstdc++-4.8-dev libtiff5
  libumfpack5.6.2 libwebp5 libwebpmux1 python-biopython-doc python-decorator
  python-dev python-imaging python-pil python-renderpm python-reportlab
  python-reportlab-accel
Suggested packages:
  g++-multilib g++-4.8-multilib gcc-4.8-doc libstdc++6-4.8-dbg liblcms2-utils
  libstdc++-4.8-doc python-tk wise muscle clustalw mafft emboss blast2
  python-psycopg2 probcons gfortran python-nose python-numpy-dbg
  python-numpy-doc python-pil-doc python-pil-dbg python-renderpm-dbg
  pdf-viewer python-egenix-mxtexttools python-reportlab-doc
The following NEW packages will be installed:
  g++ g++-4.8 libamd2.3.1 libart-2.0-2 libblas3 libcamd2.3.1 libccolamd2.8.0
  libcholmod2.1.2 libcolamd2.8.0 libgfortran3 libjbig0 libjpeg-turbo8 libjpeg8
  liblapack3 liblcms2-2 libpython-dev libstdc++-4.8-dev libtiff5
  libumfpack5.6.2 libwebp5 libwebpmux1 python-biopython python-biopython-doc
  python-decorator python-dev python-imaging python-numpy python-pil
  python-renderpm python-reportlab python-reportlab-accel python-scipy
0 to upgrade, 32 to newly install, 0 to remove and 4 not to upgrade.
Need to get 40.5 MB of archives.
After this operation, 114 MB of additional disk space will be used.
Do you want to continue? [Y/n] y
Get:1 http://mirror.aarnet.edu.au/ubuntu/ trusty/main libamd2.3.1 amd64 1:4.2.1-3ubuntu1 [23.5 kB]
Get:2 http://mirror.aarnet.edu.au/ubuntu/ trusty/main libart-2.0-2 amd64 2.3.21-2 [56.9 kB]
Get:3 http://mirror.aarnet.edu.au/ubuntu/ trusty/main libcamd2.3.1 amd64 1:4.2.1-3ubuntu1 [21.9 kB]
Get:4 http://mirror.aarnet.edu.au/ubuntu/ trusty/main libccolamd2.8.0 amd64 1:4.2.1-3ubuntu1 [23.3 kB]
Get:5 http://mirror.aarnet.edu.au/ubuntu/ trusty/main libblas3 amd64 1.2.20110419-7 [215 kB]
Get:6 http://mirror.aarnet.edu.au/ubuntu/ trusty/main libcolamd2.8.0 amd64 1:4.2.1-3ubuntu1 [17.7 kB]
Get:7 http://mirror.aarnet.edu.au/ubuntu/ trusty-updates/main libgfortran3 amd64 4.8.4-2ubuntu1~14.04 [249 kB]
Get:8 http://mirror.aarnet.edu.au/ubuntu/ trusty/main liblapack3 amd64 3.5.0-2ubuntu1 [1,730 kB]
Get:9 http://mirror.aarnet.edu.au/ubuntu/ trusty/main libcholmod2.1.2 amd64 1:4.2.1-3ubuntu1 [281 kB]
Get:10 http://mirror.aarnet.edu.au/ubuntu/ trusty/main libjpeg-turbo8 amd64 1.3.0-0ubuntu2 [104 kB]
Get:11 http://mirror.aarnet.edu.au/ubuntu/ trusty/main liblcms2-2 amd64 2.5-0ubuntu4 [132 kB]
Get:12 http://mirror.aarnet.edu.au/ubuntu/ trusty-updates/main libjbig0 amd64 2.0-2ubuntu4.1 [26.1 kB]
Get:13 http://mirror.aarnet.edu.au/ubuntu/ trusty/main libjpeg8 amd64 8c-2ubuntu8 [2,194 B]
Get:14 http://mirror.aarnet.edu.au/ubuntu/ trusty-updates/main libtiff5 amd64 4.0.3-7ubuntu0.3 [143 kB]
Get:15 http://mirror.aarnet.edu.au/ubuntu/ trusty/main libumfpack5.6.2 amd64 1:4.2.1-3ubuntu1 [214 kB]
Get:16 http://mirror.aarnet.edu.au/ubuntu/ trusty/main libwebp5 amd64 0.4.0-4 [146 kB]
Get:17 http://mirror.aarnet.edu.au/ubuntu/ trusty/main libwebpmux1 amd64 0.4.0-4 [13.7 kB]
Get:18 http://mirror.aarnet.edu.au/ubuntu/ trusty-updates/main libstdc++-4.8-dev amd64 4.8.4-2ubuntu1~14.04 [1,052 kB]
Get:19 http://mirror.aarnet.edu.au/ubuntu/ trusty-updates/main g++-4.8 amd64 4.8.4-2ubuntu1~14.04 [15.0 MB]
Get:20 http://mirror.aarnet.edu.au/ubuntu/ trusty/main g++ amd64 4:4.8.2-1ubuntu6 [1,490 B]
Get:21 http://mirror.aarnet.edu.au/ubuntu/ trusty/main libpython-dev amd64 2.7.5-5ubuntu3 [7,078 B]
Get:22 http://mirror.aarnet.edu.au/ubuntu/ trusty-updates/main python-numpy amd64 1:1.8.2-0ubuntu0.1 [1,603 kB]
Get:23 http://mirror.aarnet.edu.au/ubuntu/ trusty/main python-reportlab-accel amd64 3.0-1build1 [22.7 kB]
Get:24 http://mirror.aarnet.edu.au/ubuntu/ trusty/main python-reportlab all 3.0-1build1 [449 kB]
Get:25 http://mirror.aarnet.edu.au/ubuntu/ trusty/universe python-biopython amd64 1.63-1 [1,131 kB]
Get:26 http://mirror.aarnet.edu.au/ubuntu/ trusty/universe python-biopython-doc all 1.63-1 [9,658 kB]
Get:27 http://mirror.aarnet.edu.au/ubuntu/ trusty/main python-decorator all 3.4.0-2build1 [19.2 kB]
Get:28 http://mirror.aarnet.edu.au/ubuntu/ trusty/main python-dev amd64 2.7.5-5ubuntu3 [1,166 B]
Get:29 http://mirror.aarnet.edu.au/ubuntu/ trusty/main python-pil amd64 2.3.0-1ubuntu3 [279 kB]
Get:30 http://mirror.aarnet.edu.au/ubuntu/ trusty/main python-imaging all 2.3.0-1ubuntu3 [4,348 B]
Get:31 http://mirror.aarnet.edu.au/ubuntu/ trusty/main python-renderpm amd64 3.0-1build1 [32.3 kB]
Get:32 http://mirror.aarnet.edu.au/ubuntu/ trusty/universe python-scipy amd64 0.13.3-1build1 [7,862 kB]
Fetched 40.5 MB in 1min 13s (549 kB/s)                                         
Extracting templates from packages: 100%
Selecting previously unselected package libamd2.3.1:amd64.
(Reading database ... 56363 files and directories currently installed.)
Preparing to unpack .../libamd2.3.1_1%3a4.2.1-3ubuntu1_amd64.deb ...
Unpacking libamd2.3.1:amd64 (1:4.2.1-3ubuntu1) ...
Selecting previously unselected package libart-2.0-2:amd64.
Preparing to unpack .../libart-2.0-2_2.3.21-2_amd64.deb ...
Unpacking libart-2.0-2:amd64 (2.3.21-2) ...
Selecting previously unselected package libcamd2.3.1:amd64.
Preparing to unpack .../libcamd2.3.1_1%3a4.2.1-3ubuntu1_amd64.deb ...
Unpacking libcamd2.3.1:amd64 (1:4.2.1-3ubuntu1) ...
Selecting previously unselected package libccolamd2.8.0:amd64.
Preparing to unpack .../libccolamd2.8.0_1%3a4.2.1-3ubuntu1_amd64.deb ...
Unpacking libccolamd2.8.0:amd64 (1:4.2.1-3ubuntu1) ...
Selecting previously unselected package libblas3.
Preparing to unpack .../libblas3_1.2.20110419-7_amd64.deb ...
Unpacking libblas3 (1.2.20110419-7) ...
Selecting previously unselected package libcolamd2.8.0:amd64.
Preparing to unpack .../libcolamd2.8.0_1%3a4.2.1-3ubuntu1_amd64.deb ...
Unpacking libcolamd2.8.0:amd64 (1:4.2.1-3ubuntu1) ...
Selecting previously unselected package libgfortran3:amd64.
Preparing to unpack .../libgfortran3_4.8.4-2ubuntu1~14.04_amd64.deb ...
Unpacking libgfortran3:amd64 (4.8.4-2ubuntu1~14.04) ...
Selecting previously unselected package liblapack3.
Preparing to unpack .../liblapack3_3.5.0-2ubuntu1_amd64.deb ...
Unpacking liblapack3 (3.5.0-2ubuntu1) ...
Selecting previously unselected package libcholmod2.1.2:amd64.
Preparing to unpack .../libcholmod2.1.2_1%3a4.2.1-3ubuntu1_amd64.deb ...
Unpacking libcholmod2.1.2:amd64 (1:4.2.1-3ubuntu1) ...
Selecting previously unselected package libjpeg-turbo8:amd64.
Preparing to unpack .../libjpeg-turbo8_1.3.0-0ubuntu2_amd64.deb ...
Unpacking libjpeg-turbo8:amd64 (1.3.0-0ubuntu2) ...
Selecting previously unselected package liblcms2-2:amd64.
Preparing to unpack .../liblcms2-2_2.5-0ubuntu4_amd64.deb ...
Unpacking liblcms2-2:amd64 (2.5-0ubuntu4) ...
Selecting previously unselected package libjbig0:amd64.
Preparing to unpack .../libjbig0_2.0-2ubuntu4.1_amd64.deb ...
Unpacking libjbig0:amd64 (2.0-2ubuntu4.1) ...
Selecting previously unselected package libjpeg8:amd64.
Preparing to unpack .../libjpeg8_8c-2ubuntu8_amd64.deb ...
Unpacking libjpeg8:amd64 (8c-2ubuntu8) ...
Selecting previously unselected package libtiff5:amd64.
Preparing to unpack .../libtiff5_4.0.3-7ubuntu0.3_amd64.deb ...
Unpacking libtiff5:amd64 (4.0.3-7ubuntu0.3) ...
Selecting previously unselected package libumfpack5.6.2:amd64.
Preparing to unpack .../libumfpack5.6.2_1%3a4.2.1-3ubuntu1_amd64.deb ...
Unpacking libumfpack5.6.2:amd64 (1:4.2.1-3ubuntu1) ...
Selecting previously unselected package libwebp5:amd64.
Preparing to unpack .../libwebp5_0.4.0-4_amd64.deb ...
Unpacking libwebp5:amd64 (0.4.0-4) ...
Selecting previously unselected package libwebpmux1:amd64.
Preparing to unpack .../libwebpmux1_0.4.0-4_amd64.deb ...
Unpacking libwebpmux1:amd64 (0.4.0-4) ...
Selecting previously unselected package libstdc++-4.8-dev:amd64.
Preparing to unpack .../libstdc++-4.8-dev_4.8.4-2ubuntu1~14.04_amd64.deb ...
Unpacking libstdc++-4.8-dev:amd64 (4.8.4-2ubuntu1~14.04) ...
Selecting previously unselected package g++-4.8.
Preparing to unpack .../g++-4.8_4.8.4-2ubuntu1~14.04_amd64.deb ...
Unpacking g++-4.8 (4.8.4-2ubuntu1~14.04) ...
Selecting previously unselected package g++.
Preparing to unpack .../g++_4%3a4.8.2-1ubuntu6_amd64.deb ...
Unpacking g++ (4:4.8.2-1ubuntu6) ...
Selecting previously unselected package libpython-dev:amd64.
Preparing to unpack .../libpython-dev_2.7.5-5ubuntu3_amd64.deb ...
Unpacking libpython-dev:amd64 (2.7.5-5ubuntu3) ...
Selecting previously unselected package python-numpy.
Preparing to unpack .../python-numpy_1%3a1.8.2-0ubuntu0.1_amd64.deb ...
Unpacking python-numpy (1:1.8.2-0ubuntu0.1) ...
Selecting previously unselected package python-reportlab-accel.
Preparing to unpack .../python-reportlab-accel_3.0-1build1_amd64.deb ...
Unpacking python-reportlab-accel (3.0-1build1) ...
Selecting previously unselected package python-reportlab.
Preparing to unpack .../python-reportlab_3.0-1build1_all.deb ...
Unpacking python-reportlab (3.0-1build1) ...
Selecting previously unselected package python-biopython.
Preparing to unpack .../python-biopython_1.63-1_amd64.deb ...
Unpacking python-biopython (1.63-1) ...
Selecting previously unselected package python-biopython-doc.
Preparing to unpack .../python-biopython-doc_1.63-1_all.deb ...
Unpacking python-biopython-doc (1.63-1) ...
Selecting previously unselected package python-decorator.
Preparing to unpack .../python-decorator_3.4.0-2build1_all.deb ...
Unpacking python-decorator (3.4.0-2build1) ...
Selecting previously unselected package python-dev.
Preparing to unpack .../python-dev_2.7.5-5ubuntu3_amd64.deb ...
Unpacking python-dev (2.7.5-5ubuntu3) ...
Selecting previously unselected package python-pil.
Preparing to unpack .../python-pil_2.3.0-1ubuntu3_amd64.deb ...
Unpacking python-pil (2.3.0-1ubuntu3) ...
Selecting previously unselected package python-imaging.
Preparing to unpack .../python-imaging_2.3.0-1ubuntu3_all.deb ...
Unpacking python-imaging (2.3.0-1ubuntu3) ...
Selecting previously unselected package python-renderpm.
Preparing to unpack .../python-renderpm_3.0-1build1_amd64.deb ...
Unpacking python-renderpm (3.0-1build1) ...
Selecting previously unselected package python-scipy.
Preparing to unpack .../python-scipy_0.13.3-1build1_amd64.deb ...
Unpacking python-scipy (0.13.3-1build1) ...
Processing triggers for man-db (2.6.7.1-1ubuntu1) ...
Setting up libamd2.3.1:amd64 (1:4.2.1-3ubuntu1) ...
Setting up libart-2.0-2:amd64 (2.3.21-2) ...
Setting up libcamd2.3.1:amd64 (1:4.2.1-3ubuntu1) ...
Setting up libccolamd2.8.0:amd64 (1:4.2.1-3ubuntu1) ...
Setting up libblas3 (1.2.20110419-7) ...
update-alternatives: using /usr/lib/libblas/libblas.so.3 to provide /usr/lib/libblas.so.3 (libblas.so.3) in auto mode
Setting up libcolamd2.8.0:amd64 (1:4.2.1-3ubuntu1) ...
Setting up libgfortran3:amd64 (4.8.4-2ubuntu1~14.04) ...
Setting up liblapack3 (3.5.0-2ubuntu1) ...
update-alternatives: using /usr/lib/lapack/liblapack.so.3 to provide /usr/lib/liblapack.so.3 (liblapack.so.3) in auto mode
Setting up libcholmod2.1.2:amd64 (1:4.2.1-3ubuntu1) ...
Setting up libjpeg-turbo8:amd64 (1.3.0-0ubuntu2) ...
Setting up liblcms2-2:amd64 (2.5-0ubuntu4) ...
Setting up libjbig0:amd64 (2.0-2ubuntu4.1) ...
Setting up libjpeg8:amd64 (8c-2ubuntu8) ...
Setting up libtiff5:amd64 (4.0.3-7ubuntu0.3) ...
Setting up libumfpack5.6.2:amd64 (1:4.2.1-3ubuntu1) ...
Setting up libwebp5:amd64 (0.4.0-4) ...
Setting up libwebpmux1:amd64 (0.4.0-4) ...
Setting up libstdc++-4.8-dev:amd64 (4.8.4-2ubuntu1~14.04) ...
Setting up g++-4.8 (4.8.4-2ubuntu1~14.04) ...
Setting up g++ (4:4.8.2-1ubuntu6) ...
update-alternatives: using /usr/bin/g++ to provide /usr/bin/c++ (c++) in auto mode
Setting up libpython-dev:amd64 (2.7.5-5ubuntu3) ...
Setting up python-numpy (1:1.8.2-0ubuntu0.1) ...
Setting up python-reportlab-accel (3.0-1build1) ...
Setting up python-reportlab (3.0-1build1) ...
Setting up python-biopython (1.63-1) ...
Setting up python-biopython-doc (1.63-1) ...
Setting up python-decorator (3.4.0-2build1) ...
Setting up python-dev (2.7.5-5ubuntu3) ...
Setting up python-pil (2.3.0-1ubuntu3) ...
Setting up python-imaging (2.3.0-1ubuntu3) ...
Setting up python-renderpm (3.0-1build1) ...
Setting up python-scipy (0.13.3-1build1) ...
Processing triggers for libc-bin (2.19-0ubuntu6.6) ...
ubuntu@small---root:~$ sget default-jre
Reading package lists... Done
Building dependency tree       
Reading state information... Done
The following extra packages will be installed:
  acl at-spi2-core ca-certificates-java colord dbus-x11
  dconf-gsettings-backend dconf-service default-jre-headless
  desktop-file-utils fontconfig fontconfig-config fonts-dejavu-core
  fonts-dejavu-extra gconf-service gconf-service-backend gconf2 gconf2-common
  gvfs gvfs-common gvfs-daemons gvfs-libs hicolor-icon-theme java-common
  libasound2 libasound2-data libasyncns0 libatasmart4 libatk-bridge2.0-0
  libatk-wrapper-java libatk-wrapper-java-jni libatk1.0-0 libatk1.0-data
  libatspi2.0-0 libavahi-client3 libavahi-common-data libavahi-common3
  libavahi-glib1 libbonobo2-0 libbonobo2-common libcairo-gobject2 libcairo2
  libcanberra0 libcolord1 libcolorhug1 libcups2 libdatrie1 libdconf1
  libdrm-intel1 libdrm-nouveau2 libdrm-radeon1 libexif12 libflac8
  libfontconfig1 libfontenc1 libgconf-2-4 libgconf2-4 libgd3
  libgdk-pixbuf2.0-0 libgdk-pixbuf2.0-common libgif4 libgl1-mesa-dri
  libgl1-mesa-glx libglapi-mesa libgnome2-0 libgnome2-bin libgnome2-common
  libgnomevfs2-0 libgnomevfs2-common libgphoto2-6 libgphoto2-l10n
  libgphoto2-port10 libgraphite2-3 libgtk-3-0 libgtk-3-bin libgtk-3-common
  libgtk2.0-0 libgtk2.0-bin libgtk2.0-common libgudev-1.0-0 libgusb2
  libharfbuzz0b libice6 libidl-common libidl0 libieee1284-3 libjasper1
  libllvm3.4 libltdl7 libogg0 liborbit-2-0 liborbit2 libpango-1.0-0
  libpangocairo-1.0-0 libpangoft2-1.0-0 libpciaccess0 libpcsclite1
  libpixman-1-0 libpolkit-agent-1-0 libpolkit-backend-1-0 libpulse0 libsane
  libsane-common libsecret-1-0 libsecret-common libsm6 libsndfile1 libtdb1
  libthai-data libthai0 libtxc-dxtn-s2tc0 libudisks2-0 libv4l-0 libv4lconvert0
  libvorbis0a libvorbisenc2 libvorbisfile3 libvpx1 libwayland-client0
  libwayland-cursor0 libx11-xcb1 libxaw7 libxcb-dri2-0 libxcb-dri3-0
  libxcb-glx0 libxcb-present0 libxcb-render0 libxcb-shape0 libxcb-shm0
  libxcb-sync1 libxcomposite1 libxcursor1 libxdamage1 libxfixes3 libxft2
  libxi6 libxinerama1 libxkbcommon0 libxmu6 libxpm4 libxrandr2 libxrender1
  libxshmfence1 libxt6 libxtst6 libxv1 libxxf86dga1 libxxf86vm1 openjdk-7-jre
  openjdk-7-jre-headless policykit-1 policykit-1-gnome sound-theme-freedesktop
  tzdata-java udisks2 x11-common x11-utils
Suggested packages:
  gconf-defaults-service gvfs-backends gvfs-backends-goa equivs
  libasound2-plugins alsa-utils libbonobo2-bin libcanberra-gtk0
  libcanberra-pulse cups-common libgd-tools libglide3 desktop-base
  libgnomevfs2-bin libgnomevfs2-extra gamin fam gnome-mime-data gphoto2 gtkam
  librsvg2-common libjasper-runtime ttf-baekmuk ttf-arphic-gbsn00lp
  ttf-arphic-bsmi00lp ttf-arphic-gkai00mp ttf-arphic-bkai00mp pcscd pulseaudio
  avahi-daemon hplip hpoj libsane-extras sane-utils icedtea-7-plugin
  icedtea-7-jre-jamvm libnss-mdns sun-java6-fonts fonts-ipafont-gothic
  fonts-ipafont-mincho ttf-wqy-microhei ttf-wqy-zenhei ttf-indic-fonts-core
  ttf-telugu-fonts ttf-oriya-fonts ttf-kannada-fonts ttf-bengali-fonts
  xfsprogs reiserfsprogs exfat-utils btrfs-tools mdadm cryptsetup-bin
  mesa-utils
The following NEW packages will be installed:
  acl at-spi2-core ca-certificates-java colord dbus-x11
  dconf-gsettings-backend dconf-service default-jre default-jre-headless
  desktop-file-utils fontconfig fontconfig-config fonts-dejavu-core
  fonts-dejavu-extra gconf-service gconf-service-backend gconf2 gconf2-common
  gvfs gvfs-common gvfs-daemons gvfs-libs hicolor-icon-theme java-common
  libasound2 libasound2-data libasyncns0 libatasmart4 libatk-bridge2.0-0
  libatk-wrapper-java libatk-wrapper-java-jni libatk1.0-0 libatk1.0-data
  libatspi2.0-0 libavahi-client3 libavahi-common-data libavahi-common3
  libavahi-glib1 libbonobo2-0 libbonobo2-common libcairo-gobject2 libcairo2
  libcanberra0 libcolord1 libcolorhug1 libcups2 libdatrie1 libdconf1
  libdrm-intel1 libdrm-nouveau2 libdrm-radeon1 libexif12 libflac8
  libfontconfig1 libfontenc1 libgconf-2-4 libgconf2-4 libgd3
  libgdk-pixbuf2.0-0 libgdk-pixbuf2.0-common libgif4 libgl1-mesa-dri
  libgl1-mesa-glx libglapi-mesa libgnome2-0 libgnome2-bin libgnome2-common
  libgnomevfs2-0 libgnomevfs2-common libgphoto2-6 libgphoto2-l10n
  libgphoto2-port10 libgraphite2-3 libgtk-3-0 libgtk-3-bin libgtk-3-common
  libgtk2.0-0 libgtk2.0-bin libgtk2.0-common libgudev-1.0-0 libgusb2
  libharfbuzz0b libice6 libidl-common libidl0 libieee1284-3 libjasper1
  libllvm3.4 libltdl7 libogg0 liborbit-2-0 liborbit2 libpango-1.0-0
  libpangocairo-1.0-0 libpangoft2-1.0-0 libpciaccess0 libpcsclite1
  libpixman-1-0 libpolkit-agent-1-0 libpolkit-backend-1-0 libpulse0 libsane
  libsane-common libsecret-1-0 libsecret-common libsm6 libsndfile1 libtdb1
  libthai-data libthai0 libtxc-dxtn-s2tc0 libudisks2-0 libv4l-0 libv4lconvert0
  libvorbis0a libvorbisenc2 libvorbisfile3 libvpx1 libwayland-client0
  libwayland-cursor0 libx11-xcb1 libxaw7 libxcb-dri2-0 libxcb-dri3-0
  libxcb-glx0 libxcb-present0 libxcb-render0 libxcb-shape0 libxcb-shm0
  libxcb-sync1 libxcomposite1 libxcursor1 libxdamage1 libxfixes3 libxft2
  libxi6 libxinerama1 libxkbcommon0 libxmu6 libxpm4 libxrandr2 libxrender1
  libxshmfence1 libxt6 libxtst6 libxv1 libxxf86dga1 libxxf86vm1 openjdk-7-jre
  openjdk-7-jre-headless policykit-1 policykit-1-gnome sound-theme-freedesktop
  tzdata-java udisks2 x11-common x11-utils
0 to upgrade, 157 to newly install, 0 to remove and 4 not to upgrade.
Need to get 69.8 MB of archives.
After this operation, 206 MB of additional disk space will be used.
Do you want to continue? [Y/n] y
Get:1 http://mirror.aarnet.edu.au/ubuntu/ trusty/main libasound2-data all 1.0.27.2-3ubuntu7 [26.3 kB]
Get:2 http://mirror.aarnet.edu.au/ubuntu/ trusty/main libasound2 amd64 1.0.27.2-3ubuntu7 [327 kB]
Get:3 http://mirror.aarnet.edu.au/ubuntu/ trusty/main libasyncns0 amd64 0.8-4ubuntu2 [11.9 kB]
Get:4 http://mirror.aarnet.edu.au/ubuntu/ trusty/main libatasmart4 amd64 0.19-3 [27.1 kB]
Get:5 http://mirror.aarnet.edu.au/ubuntu/ trusty/main libatk1.0-data all 2.10.0-2ubuntu2 [13.7 kB]
Get:6 http://mirror.aarnet.edu.au/ubuntu/ trusty/main libatk1.0-0 amd64 2.10.0-2ubuntu2 [50.9 kB]
Get:7 http://mirror.aarnet.edu.au/ubuntu/ trusty/main libatspi2.0-0 amd64 2.10.2.is.2.10.1-0ubuntu1 [53.1 kB]
Get:8 http://mirror.aarnet.edu.au/ubuntu/ trusty/main libatk-bridge2.0-0 amd64 2.10.2-2ubuntu1 [46.8 kB]
Get:9 http://mirror.aarnet.edu.au/ubuntu/ trusty-updates/main libgtk2.0-common all 2.24.23-0ubuntu1.2 [121 kB]
Get:10 http://mirror.aarnet.edu.au/ubuntu/ trusty/main fonts-dejavu-core all 2.34-1ubuntu1 [1,024 kB]
Get:11 http://mirror.aarnet.edu.au/ubuntu/ trusty-updates/main fontconfig-config all 2.11.0-0ubuntu4.1 [47.4 kB]
Get:12 http://mirror.aarnet.edu.au/ubuntu/ trusty-updates/main libfontconfig1 amd64 2.11.0-0ubuntu4.1 [123 kB]
Get:13 http://mirror.aarnet.edu.au/ubuntu/ trusty/main libpixman-1-0 amd64 0.30.2-2ubuntu1 [227 kB]
Get:14 http://mirror.aarnet.edu.au/ubuntu/ trusty/main libxcb-render0 amd64 1.10-2ubuntu1 [11.0 kB]
Get:15 http://mirror.aarnet.edu.au/ubuntu/ trusty/main libxcb-shm0 amd64 1.10-2ubuntu1 [5,432 B]
Get:16 http://mirror.aarnet.edu.au/ubuntu/ trusty-updates/main libxrender1 amd64 1:0.9.8-1build0.14.04.1 [17.9 kB]
Get:17 http://mirror.aarnet.edu.au/ubuntu/ trusty-updates/main libcairo2 amd64 1.13.0~20140204-0ubuntu1.1 [535 kB]
Get:18 http://mirror.aarnet.edu.au/ubuntu/ trusty/main libavahi-common-data amd64 0.6.31-4ubuntu1 [21.2 kB]
Get:19 http://mirror.aarnet.edu.au/ubuntu/ trusty/main libavahi-common3 amd64 0.6.31-4ubuntu1 [21.7 kB]
Get:20 http://mirror.aarnet.edu.au/ubuntu/ trusty/main libavahi-client3 amd64 0.6.31-4ubuntu1 [25.1 kB]
Get:21 http://mirror.aarnet.edu.au/ubuntu/ trusty-updates/main libcups2 amd64 1.7.2-0ubuntu1.6 [178 kB]
Get:22 http://mirror.aarnet.edu.au/ubuntu/ trusty-updates/main libjasper1 amd64 1.900.1-14ubuntu3.2 [130 kB]
Get:23 http://mirror.aarnet.edu.au/ubuntu/ trusty-updates/main libgdk-pixbuf2.0-common all 2.30.7-0ubuntu1.1 [8,710 B]
Get:24 http://mirror.aarnet.edu.au/ubuntu/ trusty-updates/main libgdk-pixbuf2.0-0 amd64 2.30.7-0ubuntu1.1 [160 kB]
Get:25 http://mirror.aarnet.edu.au/ubuntu/ trusty/main libthai-data all 0.1.20-3 [130 kB]
Get:26 http://mirror.aarnet.edu.au/ubuntu/ trusty/main libdatrie1 amd64 0.2.8-1 [16.7 kB]
Get:27 http://mirror.aarnet.edu.au/ubuntu/ trusty/main libthai0 amd64 0.1.20-3 [16.9 kB]
Get:28 http://mirror.aarnet.edu.au/ubuntu/ trusty-updates/main fontconfig amd64 2.11.0-0ubuntu4.1 [176 kB]
Get:29 http://mirror.aarnet.edu.au/ubuntu/ trusty-updates/main libpango-1.0-0 amd64 1.36.3-1ubuntu1.1 [149 kB]
Get:30 http://mirror.aarnet.edu.au/ubuntu/ trusty/main libgraphite2-3 amd64 1.2.4-1ubuntu1 [53.8 kB]
Get:31 http://mirror.aarnet.edu.au/ubuntu/ trusty-updates/main libharfbuzz0b amd64 0.9.27-1ubuntu1 [127 kB]
Get:32 http://mirror.aarnet.edu.au/ubuntu/ trusty-updates/main libpangoft2-1.0-0 amd64 1.36.3-1ubuntu1.1 [32.7 kB]
Get:33 http://mirror.aarnet.edu.au/ubuntu/ trusty-updates/main libpangocairo-1.0-0 amd64 1.36.3-1ubuntu1.1 [20.0 kB]
Get:34 http://mirror.aarnet.edu.au/ubuntu/ trusty/main libxcomposite1 amd64 1:0.4.4-1 [7,714 B]
Get:35 http://mirror.aarnet.edu.au/ubuntu/ trusty-updates/main libxfixes3 amd64 1:5.0.1-1ubuntu1.1 [10.4 kB]
Get:36 http://mirror.aarnet.edu.au/ubuntu/ trusty/main libxcursor1 amd64 1:1.1.14-1 [22.8 kB]
Get:37 http://mirror.aarnet.edu.au/ubuntu/ trusty/main libxdamage1 amd64 1:1.1.4-1ubuntu1 [7,612 B]
Get:38 http://mirror.aarnet.edu.au/ubuntu/ trusty-updates/main libxi6 amd64 2:1.7.1.901-1ubuntu1.1 [27.9 kB]
Get:39 http://mirror.aarnet.edu.au/ubuntu/ trusty/main libxinerama1 amd64 2:1.1.3-1 [7,908 B]
Get:40 http://mirror.aarnet.edu.au/ubuntu/ trusty/main libxrandr2 amd64 2:1.4.2-1 [16.6 kB]
Get:41 http://mirror.aarnet.edu.au/ubuntu/ trusty-updates/main libgtk2.0-0 amd64 2.24.23-0ubuntu1.2 [1,739 kB]
Get:42 http://mirror.aarnet.edu.au/ubuntu/ trusty/main ca-certificates-java all 20130815ubuntu1 [13.4 kB]
Get:43 http://mirror.aarnet.edu.au/ubuntu/ trusty-updates/main tzdata-java all 2015f-0ubuntu0.14.04 [69.2 kB]
Get:44 http://mirror.aarnet.edu.au/ubuntu/ trusty/main java-common all 0.51 [130 kB]
Get:45 http://mirror.aarnet.edu.au/ubuntu/ trusty/main libpcsclite1 amd64 1.8.10-1ubuntu1 [20.9 kB]
Get:46 http://mirror.aarnet.edu.au/ubuntu/ trusty/main libogg0 amd64 1.3.1-1ubuntu1 [17.0 kB]
Get:47 http://mirror.aarnet.edu.au/ubuntu/ trusty-updates/main libflac8 amd64 1.3.0-2ubuntu0.14.04.1 [80.2 kB]
Get:48 http://mirror.aarnet.edu.au/ubuntu/ trusty/main libvorbis0a amd64 1.3.2-1.3ubuntu1 [87.2 kB]
Get:49 http://mirror.aarnet.edu.au/ubuntu/ trusty/main libvorbisenc2 amd64 1.3.2-1.3ubuntu1 [84.5 kB]
Get:50 http://mirror.aarnet.edu.au/ubuntu/ trusty/main libsndfile1 amd64 1.0.25-7ubuntu2 [136 kB]
Get:51 http://mirror.aarnet.edu.au/ubuntu/ trusty-updates/main libpulse0 amd64 1:4.0-0ubuntu11.1 [225 kB]
Get:52 http://mirror.aarnet.edu.au/ubuntu/ trusty-updates/main openjdk-7-jre-headless amd64 7u79-2.5.6-0ubuntu1.14.04.1 [39.5 MB]
Get:53 http://mirror.aarnet.edu.au/ubuntu/ trusty/main default-jre-headless amd64 2:1.7-51 [3,834 B]
Get:54 http://mirror.aarnet.edu.au/ubuntu/ trusty/main libgif4 amd64 4.1.6-11 [28.6 kB]
Get:55 http://mirror.aarnet.edu.au/ubuntu/ trusty-updates/main x11-common all 1:7.7+1ubuntu8.1 [49.5 kB]
Get:56 http://mirror.aarnet.edu.au/ubuntu/ trusty/main libxtst6 amd64 2:1.2.2-1 [14.1 kB]
Get:57 http://mirror.aarnet.edu.au/ubuntu/ trusty-updates/main libglapi-mesa amd64 10.1.3-0ubuntu0.4 [21.4 kB]
Get:58 http://mirror.aarnet.edu.au/ubuntu/ trusty/main libx11-xcb1 amd64 2:1.6.2-1ubuntu2 [9,426 B]
Get:59 http://mirror.aarnet.edu.au/ubuntu/ trusty/main libxcb-dri2-0 amd64 1.10-2ubuntu1 [6,710 B]
Get:60 http://mirror.aarnet.edu.au/ubuntu/ trusty/main libxcb-dri3-0 amd64 1.10-2ubuntu1 [5,118 B]
Get:61 http://mirror.aarnet.edu.au/ubuntu/ trusty/main libxcb-glx0 amd64 1.10-2ubuntu1 [20.0 kB]
Get:62 http://mirror.aarnet.edu.au/ubuntu/ trusty/main libxcb-present0 amd64 1.10-2ubuntu1 [5,254 B]
Get:63 http://mirror.aarnet.edu.au/ubuntu/ trusty/main libxcb-sync1 amd64 1.10-2ubuntu1 [8,090 B]
Get:64 http://mirror.aarnet.edu.au/ubuntu/ trusty/main libxshmfence1 amd64 1.1-2 [4,644 B]
Get:65 http://mirror.aarnet.edu.au/ubuntu/ trusty/main libxxf86vm1 amd64 1:1.1.3-1 [11.7 kB]
Get:66 http://mirror.aarnet.edu.au/ubuntu/ trusty-updates/main libgl1-mesa-glx amd64 10.1.3-0ubuntu0.4 [114 kB]
Get:67 http://mirror.aarnet.edu.au/ubuntu/ trusty-updates/main openjdk-7-jre amd64 7u79-2.5.6-0ubuntu1.14.04.1 [171 kB]
Get:68 http://mirror.aarnet.edu.au/ubuntu/ trusty/main default-jre amd64 2:1.7-51 [940 B]
Get:69 http://mirror.aarnet.edu.au/ubuntu/ trusty/main libatk-wrapper-java all 0.30.4-4 [30.2 kB]
Get:70 http://mirror.aarnet.edu.au/ubuntu/ trusty/main libatk-wrapper-java-jni amd64 0.30.4-4 [25.2 kB]
Get:71 http://mirror.aarnet.edu.au/ubuntu/ trusty/main libavahi-glib1 amd64 0.6.31-4ubuntu1 [7,756 B]
Get:72 http://mirror.aarnet.edu.au/ubuntu/ trusty/main libbonobo2-common all 2.32.1-0ubuntu5 [34.2 kB]
Get:73 http://mirror.aarnet.edu.au/ubuntu/ trusty/main libidl-common all 0.8.14-0.2ubuntu4 [8,196 B]
Get:74 http://mirror.aarnet.edu.au/ubuntu/ trusty/main libidl0 amd64 0.8.14-0.2ubuntu4 [65.9 kB]
Get:75 http://mirror.aarnet.edu.au/ubuntu/ trusty/main liborbit-2-0 amd64 1:2.14.19-0.3 [138 kB]
Get:76 http://mirror.aarnet.edu.au/ubuntu/ trusty/main liborbit2 amd64 1:2.14.19-0.3 [14.7 kB]
Get:77 http://mirror.aarnet.edu.au/ubuntu/ trusty/main libbonobo2-0 amd64 2.32.1-0ubuntu5 [214 kB]
Get:78 http://mirror.aarnet.edu.au/ubuntu/ trusty-updates/main libcairo-gobject2 amd64 1.13.0~20140204-0ubuntu1.1 [17.2 kB]
Get:79 http://mirror.aarnet.edu.au/ubuntu/ trusty/main libltdl7 amd64 2.4.2-1.7ubuntu1 [35.0 kB]
Get:80 http://mirror.aarnet.edu.au/ubuntu/ trusty/main libtdb1 amd64 1.2.12-1 [37.8 kB]
Get:81 http://mirror.aarnet.edu.au/ubuntu/ trusty/main libvorbisfile3 amd64 1.3.2-1.3ubuntu1 [15.8 kB]
Get:82 http://mirror.aarnet.edu.au/ubuntu/ trusty/main sound-theme-freedesktop all 0.8-1 [385 kB]
Get:83 http://mirror.aarnet.edu.au/ubuntu/ trusty/main libcanberra0 amd64 0.30-0ubuntu3 [36.5 kB]
Get:84 http://mirror.aarnet.edu.au/ubuntu/ trusty/main libcolord1 amd64 1.0.6-1 [83.1 kB]
Get:85 http://mirror.aarnet.edu.au/ubuntu/ trusty/main libdconf1 amd64 0.20.0-1 [31.5 kB]
Get:86 http://mirror.aarnet.edu.au/ubuntu/ trusty/main libpciaccess0 amd64 0.13.2-1 [20.4 kB]
Get:87 http://mirror.aarnet.edu.au/ubuntu/ trusty-updates/main libdrm-intel1 amd64 2.4.60-2~ubuntu14.04.1 [55.8 kB]
Get:88 http://mirror.aarnet.edu.au/ubuntu/ trusty-updates/main libdrm-nouveau2 amd64 2.4.60-2~ubuntu14.04.1 [13.7 kB]
Get:89 http://mirror.aarnet.edu.au/ubuntu/ trusty-updates/main libdrm-radeon1 amd64 2.4.60-2~ubuntu14.04.1 [23.3 kB]
Get:90 http://mirror.aarnet.edu.au/ubuntu/ trusty/main libexif12 amd64 0.6.21-1ubuntu1 [75.5 kB]
Get:91 http://mirror.aarnet.edu.au/ubuntu/ trusty/main libfontenc1 amd64 1:1.1.2-1 [15.6 kB]
Get:92 http://mirror.aarnet.edu.au/ubuntu/ trusty/main gconf2-common all 3.2.6-0ubuntu2 [20.2 kB]
Get:93 http://mirror.aarnet.edu.au/ubuntu/ trusty/main libgconf-2-4 amd64 3.2.6-0ubuntu2 [80.8 kB]
Get:94 http://mirror.aarnet.edu.au/ubuntu/ trusty/main libvpx1 amd64 1.3.0-2 [556 kB]
Get:95 http://mirror.aarnet.edu.au/ubuntu/ trusty/main libxpm4 amd64 1:3.5.10-1 [38.3 kB]
Get:96 http://mirror.aarnet.edu.au/ubuntu/ trusty/main libgd3 amd64 2.1.0-3 [147 kB]
Get:97 http://mirror.aarnet.edu.au/ubuntu/ trusty/main libllvm3.4 amd64 1:3.4-1ubuntu3 [6,540 kB]
Get:98 http://mirror.aarnet.edu.au/ubuntu/ trusty-updates/main libgl1-mesa-dri amd64 10.1.3-0ubuntu0.4 [4,568 kB]
Get:99 http://mirror.aarnet.edu.au/ubuntu/ trusty/main gconf-service-backend amd64 3.2.6-0ubuntu2 [56.3 kB]
Get:100 http://mirror.aarnet.edu.au/ubuntu/ trusty/main gconf-service amd64 3.2.6-0ubuntu2 [2,046 B]
Get:101 http://mirror.aarnet.edu.au/ubuntu/ trusty-updates/main dbus-x11 amd64 1.6.18-0ubuntu4.3 [19.2 kB]
Get:102 http://mirror.aarnet.edu.au/ubuntu/ trusty/main gconf2 amd64 3.2.6-0ubuntu2 [65.5 kB]
Get:103 http://mirror.aarnet.edu.au/ubuntu/ trusty/main libgnomevfs2-common amd64 1:2.24.4-1ubuntu6 [22.8 kB]
Get:104 http://mirror.aarnet.edu.au/ubuntu/ trusty/main libgnomevfs2-0 amd64 1:2.24.4-1ubuntu6 [210 kB]
Get:105 http://mirror.aarnet.edu.au/ubuntu/ trusty/main libgnome2-common all 2.32.1-4ubuntu1 [33.3 kB]
Get:106 http://mirror.aarnet.edu.au/ubuntu/ trusty/main libgnome2-bin amd64 2.32.1-4ubuntu1 [15.0 kB]
Get:107 http://mirror.aarnet.edu.au/ubuntu/ trusty/main libgnome2-0 amd64 2.32.1-4ubuntu1 [43.2 kB]
Get:108 http://mirror.aarnet.edu.au/ubuntu/ trusty-updates/main libgphoto2-port10 amd64 2.5.3.1-1ubuntu2.2 [40.8 kB]
Get:109 http://mirror.aarnet.edu.au/ubuntu/ trusty-updates/main libgphoto2-6 amd64 2.5.3.1-1ubuntu2.2 [737 kB]
Get:110 http://mirror.aarnet.edu.au/ubuntu/ trusty/main dconf-service amd64 0.20.0-1 [26.9 kB]
Get:111 http://mirror.aarnet.edu.au/ubuntu/ trusty/main dconf-gsettings-backend amd64 0.20.0-1 [19.3 kB]
Get:112 http://mirror.aarnet.edu.au/ubuntu/ trusty-updates/main libgtk-3-common all 3.10.8-0ubuntu1.6 [167 kB]
Get:113 http://mirror.aarnet.edu.au/ubuntu/ trusty/main libwayland-client0 amd64 1.4.0-1ubuntu1 [22.1 kB]
Get:114 http://mirror.aarnet.edu.au/ubuntu/ trusty/main libwayland-cursor0 amd64 1.4.0-1ubuntu1 [9,918 B]
Get:115 http://mirror.aarnet.edu.au/ubuntu/ trusty/main libxkbcommon0 amd64 0.4.1-0ubuntu1 [87.9 kB]
Get:116 http://mirror.aarnet.edu.au/ubuntu/ trusty-updates/main libgtk-3-0 amd64 3.10.8-0ubuntu1.6 [1,960 kB]
Get:117 http://mirror.aarnet.edu.au/ubuntu/ trusty-updates/main libgudev-1.0-0 amd64 1:204-5ubuntu20.13 [14.1 kB]
Get:118 http://mirror.aarnet.edu.au/ubuntu/ trusty/main libice6 amd64 2:1.0.8-2 [47.0 kB]
Get:119 http://mirror.aarnet.edu.au/ubuntu/ trusty/main libieee1284-3 amd64 0.2.11-12 [23.8 kB]
Get:120 http://mirror.aarnet.edu.au/ubuntu/ trusty-updates/main libpolkit-agent-1-0 amd64 0.105-4ubuntu2.14.04.1 [14.9 kB]
Get:121 http://mirror.aarnet.edu.au/ubuntu/ trusty-updates/main libpolkit-backend-1-0 amd64 0.105-4ubuntu2.14.04.1 [34.6 kB]
Get:122 http://mirror.aarnet.edu.au/ubuntu/ trusty/main acl amd64 2.2.52-1 [43.8 kB]
Get:123 http://mirror.aarnet.edu.au/ubuntu/ trusty-updates/main libsane-common amd64 1.0.23-3ubuntu3.1 [451 kB]
Get:124 http://mirror.aarnet.edu.au/ubuntu/ trusty/main libv4lconvert0 amd64 1.0.1-1 [74.8 kB]
Get:125 http://mirror.aarnet.edu.au/ubuntu/ trusty/main libv4l-0 amd64 1.0.1-1 [38.8 kB]
Get:126 http://mirror.aarnet.edu.au/ubuntu/ trusty-updates/main libsane amd64 1.0.23-3ubuntu3.1 [1,929 kB]
Get:127 http://mirror.aarnet.edu.au/ubuntu/ trusty/main libsecret-common all 0.16-0ubuntu1 [4,166 B]
Get:128 http://mirror.aarnet.edu.au/ubuntu/ trusty/main libsecret-1-0 amd64 0.16-0ubuntu1 [90.7 kB]
Get:129 http://mirror.aarnet.edu.au/ubuntu/ trusty/main libsm6 amd64 2:1.2.1-2 [18.1 kB]
Get:130 http://mirror.aarnet.edu.au/ubuntu/ trusty-updates/main libudisks2-0 amd64 2.1.3-1ubuntu0.1 [90.5 kB]
Get:131 http://mirror.aarnet.edu.au/ubuntu/ trusty/main libxt6 amd64 1:1.1.4-1 [185 kB]
Get:132 http://mirror.aarnet.edu.au/ubuntu/ trusty/main libxmu6 amd64 2:1.1.1-1 [53.8 kB]
Get:133 http://mirror.aarnet.edu.au/ubuntu/ trusty/main libxaw7 amd64 2:1.0.12-1 [168 kB]
Get:134 http://mirror.aarnet.edu.au/ubuntu/ trusty/main libxcb-shape0 amd64 1.10-2ubuntu1 [5,654 B]
Get:135 http://mirror.aarnet.edu.au/ubuntu/ trusty/main libxft2 amd64 2.3.1-2 [36.2 kB]
Get:136 http://mirror.aarnet.edu.au/ubuntu/ trusty/main libxv1 amd64 2:1.0.10-1 [10.3 kB]
Get:137 http://mirror.aarnet.edu.au/ubuntu/ trusty/main libxxf86dga1 amd64 2:1.1.4-1 [13.7 kB]
Get:138 http://mirror.aarnet.edu.au/ubuntu/ trusty/main libgusb2 amd64 0.1.6-5 [15.4 kB]
Get:139 http://mirror.aarnet.edu.au/ubuntu/ trusty/main libcolorhug1 amd64 1.0.6-1 [21.7 kB]
Get:140 http://mirror.aarnet.edu.au/ubuntu/ trusty/main libtxc-dxtn-s2tc0 amd64 0~git20131104-1.1 [51.8 kB]
Get:141 http://mirror.aarnet.edu.au/ubuntu/ trusty/main at-spi2-core amd64 2.10.2.is.2.10.1-0ubuntu1 [43.1 kB]
Get:142 http://mirror.aarnet.edu.au/ubuntu/ trusty-updates/main policykit-1 amd64 0.105-4ubuntu2.14.04.1 [51.3 kB]
Get:143 http://mirror.aarnet.edu.au/ubuntu/ trusty/main colord amd64 1.0.6-1 [213 kB]
Get:144 http://mirror.aarnet.edu.au/ubuntu/ trusty/main desktop-file-utils amd64 0.22-1ubuntu1 [43.2 kB]
Get:145 http://mirror.aarnet.edu.au/ubuntu/ trusty/main fonts-dejavu-extra all 2.34-1ubuntu1 [1,736 kB]
Get:146 http://mirror.aarnet.edu.au/ubuntu/ trusty/main x11-utils amd64 7.7+1 [230 kB]
Get:147 http://mirror.aarnet.edu.au/ubuntu/ trusty-updates/main udisks2 amd64 2.1.3-1ubuntu0.1 [170 kB]
Get:148 http://mirror.aarnet.edu.au/ubuntu/ trusty-updates/main gvfs-common all 1.20.3-0ubuntu1.1 [42.5 kB]
Get:149 http://mirror.aarnet.edu.au/ubuntu/ trusty-updates/main gvfs-libs amd64 1.20.3-0ubuntu1.1 [105 kB]
Get:150 http://mirror.aarnet.edu.au/ubuntu/ trusty-updates/main gvfs-daemons amd64 1.20.3-0ubuntu1.1 [109 kB]
Get:151 http://mirror.aarnet.edu.au/ubuntu/ trusty-updates/main gvfs amd64 1.20.3-0ubuntu1.1 [89.8 kB]
Get:152 http://mirror.aarnet.edu.au/ubuntu/ trusty/main hicolor-icon-theme all 0.13-1 [7,140 B]
Get:153 http://mirror.aarnet.edu.au/ubuntu/ trusty/main libgconf2-4 amd64 3.2.6-0ubuntu2 [2,042 B]
Get:154 http://mirror.aarnet.edu.au/ubuntu/ trusty-updates/main libgphoto2-l10n all 2.5.3.1-1ubuntu2.2 [7,602 B]
Get:155 http://mirror.aarnet.edu.au/ubuntu/ trusty-updates/main libgtk-3-bin amd64 3.10.8-0ubuntu1.6 [18.2 kB]
Get:156 http://mirror.aarnet.edu.au/ubuntu/ trusty-updates/main libgtk2.0-bin amd64 2.24.23-0ubuntu1.2 [9,798 B]
Get:157 http://mirror.aarnet.edu.au/ubuntu/ trusty/main policykit-1-gnome amd64 0.105-1ubuntu4 [27.8 kB]
Fetched 69.8 MB in 2min 5s (557 kB/s)                                          
Extracting templates from packages: 100%
Preconfiguring packages ...
Selecting previously unselected package libasound2-data.
(Reading database ... 61050 files and directories currently installed.)
Preparing to unpack .../libasound2-data_1.0.27.2-3ubuntu7_all.deb ...
Unpacking libasound2-data (1.0.27.2-3ubuntu7) ...
Selecting previously unselected package libasound2:amd64.
Preparing to unpack .../libasound2_1.0.27.2-3ubuntu7_amd64.deb ...
Unpacking libasound2:amd64 (1.0.27.2-3ubuntu7) ...
Selecting previously unselected package libasyncns0:amd64.
Preparing to unpack .../libasyncns0_0.8-4ubuntu2_amd64.deb ...
Unpacking libasyncns0:amd64 (0.8-4ubuntu2) ...
Selecting previously unselected package libatasmart4:amd64.
Preparing to unpack .../libatasmart4_0.19-3_amd64.deb ...
Unpacking libatasmart4:amd64 (0.19-3) ...
Selecting previously unselected package libatk1.0-data.
Preparing to unpack .../libatk1.0-data_2.10.0-2ubuntu2_all.deb ...
Unpacking libatk1.0-data (2.10.0-2ubuntu2) ...
Selecting previously unselected package libatk1.0-0:amd64.
Preparing to unpack .../libatk1.0-0_2.10.0-2ubuntu2_amd64.deb ...
Unpacking libatk1.0-0:amd64 (2.10.0-2ubuntu2) ...
Selecting previously unselected package libatspi2.0-0:amd64.
Preparing to unpack .../libatspi2.0-0_2.10.2.is.2.10.1-0ubuntu1_amd64.deb ...
Unpacking libatspi2.0-0:amd64 (2.10.2.is.2.10.1-0ubuntu1) ...
Selecting previously unselected package libatk-bridge2.0-0:amd64.
Preparing to unpack .../libatk-bridge2.0-0_2.10.2-2ubuntu1_amd64.deb ...
Unpacking libatk-bridge2.0-0:amd64 (2.10.2-2ubuntu1) ...
Selecting previously unselected package libgtk2.0-common.
Preparing to unpack .../libgtk2.0-common_2.24.23-0ubuntu1.2_all.deb ...
Unpacking libgtk2.0-common (2.24.23-0ubuntu1.2) ...
Selecting previously unselected package fonts-dejavu-core.
Preparing to unpack .../fonts-dejavu-core_2.34-1ubuntu1_all.deb ...
Unpacking fonts-dejavu-core (2.34-1ubuntu1) ...
Selecting previously unselected package fontconfig-config.
Preparing to unpack .../fontconfig-config_2.11.0-0ubuntu4.1_all.deb ...
Unpacking fontconfig-config (2.11.0-0ubuntu4.1) ...
Selecting previously unselected package libfontconfig1:amd64.
Preparing to unpack .../libfontconfig1_2.11.0-0ubuntu4.1_amd64.deb ...
Unpacking libfontconfig1:amd64 (2.11.0-0ubuntu4.1) ...
Selecting previously unselected package libpixman-1-0:amd64.
Preparing to unpack .../libpixman-1-0_0.30.2-2ubuntu1_amd64.deb ...
Unpacking libpixman-1-0:amd64 (0.30.2-2ubuntu1) ...
Selecting previously unselected package libxcb-render0:amd64.
Preparing to unpack .../libxcb-render0_1.10-2ubuntu1_amd64.deb ...
Unpacking libxcb-render0:amd64 (1.10-2ubuntu1) ...
Selecting previously unselected package libxcb-shm0:amd64.
Preparing to unpack .../libxcb-shm0_1.10-2ubuntu1_amd64.deb ...
Unpacking libxcb-shm0:amd64 (1.10-2ubuntu1) ...
Selecting previously unselected package libxrender1:amd64.
Preparing to unpack .../libxrender1_1%3a0.9.8-1build0.14.04.1_amd64.deb ...
Unpacking libxrender1:amd64 (1:0.9.8-1build0.14.04.1) ...
Selecting previously unselected package libcairo2:amd64.
Preparing to unpack .../libcairo2_1.13.0~20140204-0ubuntu1.1_amd64.deb ...
Unpacking libcairo2:amd64 (1.13.0~20140204-0ubuntu1.1) ...
Selecting previously unselected package libavahi-common-data:amd64.
Preparing to unpack .../libavahi-common-data_0.6.31-4ubuntu1_amd64.deb ...
Unpacking libavahi-common-data:amd64 (0.6.31-4ubuntu1) ...
Selecting previously unselected package libavahi-common3:amd64.
Preparing to unpack .../libavahi-common3_0.6.31-4ubuntu1_amd64.deb ...
Unpacking libavahi-common3:amd64 (0.6.31-4ubuntu1) ...
Selecting previously unselected package libavahi-client3:amd64.
Preparing to unpack .../libavahi-client3_0.6.31-4ubuntu1_amd64.deb ...
Unpacking libavahi-client3:amd64 (0.6.31-4ubuntu1) ...
Selecting previously unselected package libcups2:amd64.
Preparing to unpack .../libcups2_1.7.2-0ubuntu1.6_amd64.deb ...
Unpacking libcups2:amd64 (1.7.2-0ubuntu1.6) ...
Selecting previously unselected package libjasper1:amd64.
Preparing to unpack .../libjasper1_1.900.1-14ubuntu3.2_amd64.deb ...
Unpacking libjasper1:amd64 (1.900.1-14ubuntu3.2) ...
Selecting previously unselected package libgdk-pixbuf2.0-common.
Preparing to unpack .../libgdk-pixbuf2.0-common_2.30.7-0ubuntu1.1_all.deb ...
Unpacking libgdk-pixbuf2.0-common (2.30.7-0ubuntu1.1) ...
Selecting previously unselected package libgdk-pixbuf2.0-0:amd64.
Preparing to unpack .../libgdk-pixbuf2.0-0_2.30.7-0ubuntu1.1_amd64.deb ...
Unpacking libgdk-pixbuf2.0-0:amd64 (2.30.7-0ubuntu1.1) ...
Selecting previously unselected package libthai-data.
Preparing to unpack .../libthai-data_0.1.20-3_all.deb ...
Unpacking libthai-data (0.1.20-3) ...
Selecting previously unselected package libdatrie1:amd64.
Preparing to unpack .../libdatrie1_0.2.8-1_amd64.deb ...
Unpacking libdatrie1:amd64 (0.2.8-1) ...
Selecting previously unselected package libthai0:amd64.
Preparing to unpack .../libthai0_0.1.20-3_amd64.deb ...
Unpacking libthai0:amd64 (0.1.20-3) ...
Selecting previously unselected package fontconfig.
Preparing to unpack .../fontconfig_2.11.0-0ubuntu4.1_amd64.deb ...
Unpacking fontconfig (2.11.0-0ubuntu4.1) ...
Selecting previously unselected package libpango-1.0-0:amd64.
Preparing to unpack .../libpango-1.0-0_1.36.3-1ubuntu1.1_amd64.deb ...
Unpacking libpango-1.0-0:amd64 (1.36.3-1ubuntu1.1) ...
Selecting previously unselected package libgraphite2-3:amd64.
Preparing to unpack .../libgraphite2-3_1.2.4-1ubuntu1_amd64.deb ...
Unpacking libgraphite2-3:amd64 (1.2.4-1ubuntu1) ...
Selecting previously unselected package libharfbuzz0b:amd64.
Preparing to unpack .../libharfbuzz0b_0.9.27-1ubuntu1_amd64.deb ...
Unpacking libharfbuzz0b:amd64 (0.9.27-1ubuntu1) ...
Selecting previously unselected package libpangoft2-1.0-0:amd64.
Preparing to unpack .../libpangoft2-1.0-0_1.36.3-1ubuntu1.1_amd64.deb ...
Unpacking libpangoft2-1.0-0:amd64 (1.36.3-1ubuntu1.1) ...
Selecting previously unselected package libpangocairo-1.0-0:amd64.
Preparing to unpack .../libpangocairo-1.0-0_1.36.3-1ubuntu1.1_amd64.deb ...
Unpacking libpangocairo-1.0-0:amd64 (1.36.3-1ubuntu1.1) ...
Selecting previously unselected package libxcomposite1:amd64.
Preparing to unpack .../libxcomposite1_1%3a0.4.4-1_amd64.deb ...
Unpacking libxcomposite1:amd64 (1:0.4.4-1) ...
Selecting previously unselected package libxfixes3:amd64.
Preparing to unpack .../libxfixes3_1%3a5.0.1-1ubuntu1.1_amd64.deb ...
Unpacking libxfixes3:amd64 (1:5.0.1-1ubuntu1.1) ...
Selecting previously unselected package libxcursor1:amd64.
Preparing to unpack .../libxcursor1_1%3a1.1.14-1_amd64.deb ...
Unpacking libxcursor1:amd64 (1:1.1.14-1) ...
Selecting previously unselected package libxdamage1:amd64.
Preparing to unpack .../libxdamage1_1%3a1.1.4-1ubuntu1_amd64.deb ...
Unpacking libxdamage1:amd64 (1:1.1.4-1ubuntu1) ...
Selecting previously unselected package libxi6:amd64.
Preparing to unpack .../libxi6_2%3a1.7.1.901-1ubuntu1.1_amd64.deb ...
Unpacking libxi6:amd64 (2:1.7.1.901-1ubuntu1.1) ...
Selecting previously unselected package libxinerama1:amd64.
Preparing to unpack .../libxinerama1_2%3a1.1.3-1_amd64.deb ...
Unpacking libxinerama1:amd64 (2:1.1.3-1) ...
Selecting previously unselected package libxrandr2:amd64.
Preparing to unpack .../libxrandr2_2%3a1.4.2-1_amd64.deb ...
Unpacking libxrandr2:amd64 (2:1.4.2-1) ...
Selecting previously unselected package libgtk2.0-0:amd64.
Preparing to unpack .../libgtk2.0-0_2.24.23-0ubuntu1.2_amd64.deb ...
Unpacking libgtk2.0-0:amd64 (2.24.23-0ubuntu1.2) ...
Selecting previously unselected package ca-certificates-java.
Preparing to unpack .../ca-certificates-java_20130815ubuntu1_all.deb ...
Unpacking ca-certificates-java (20130815ubuntu1) ...
Selecting previously unselected package tzdata-java.
Preparing to unpack .../tzdata-java_2015f-0ubuntu0.14.04_all.deb ...
Unpacking tzdata-java (2015f-0ubuntu0.14.04) ...
Selecting previously unselected package java-common.
Preparing to unpack .../java-common_0.51_all.deb ...
Unpacking java-common (0.51) ...
Selecting previously unselected package libpcsclite1:amd64.
Preparing to unpack .../libpcsclite1_1.8.10-1ubuntu1_amd64.deb ...
Unpacking libpcsclite1:amd64 (1.8.10-1ubuntu1) ...
Selecting previously unselected package libogg0:amd64.
Preparing to unpack .../libogg0_1.3.1-1ubuntu1_amd64.deb ...
Unpacking libogg0:amd64 (1.3.1-1ubuntu1) ...
Selecting previously unselected package libflac8:amd64.
Preparing to unpack .../libflac8_1.3.0-2ubuntu0.14.04.1_amd64.deb ...
Unpacking libflac8:amd64 (1.3.0-2ubuntu0.14.04.1) ...
Selecting previously unselected package libvorbis0a:amd64.
Preparing to unpack .../libvorbis0a_1.3.2-1.3ubuntu1_amd64.deb ...
Unpacking libvorbis0a:amd64 (1.3.2-1.3ubuntu1) ...
Selecting previously unselected package libvorbisenc2:amd64.
Preparing to unpack .../libvorbisenc2_1.3.2-1.3ubuntu1_amd64.deb ...
Unpacking libvorbisenc2:amd64 (1.3.2-1.3ubuntu1) ...
Selecting previously unselected package libsndfile1:amd64.
Preparing to unpack .../libsndfile1_1.0.25-7ubuntu2_amd64.deb ...
Unpacking libsndfile1:amd64 (1.0.25-7ubuntu2) ...
Selecting previously unselected package libpulse0:amd64.
Preparing to unpack .../libpulse0_1%3a4.0-0ubuntu11.1_amd64.deb ...
Unpacking libpulse0:amd64 (1:4.0-0ubuntu11.1) ...
Selecting previously unselected package openjdk-7-jre-headless:amd64.
Preparing to unpack .../openjdk-7-jre-headless_7u79-2.5.6-0ubuntu1.14.04.1_amd64.deb ...
Unpacking openjdk-7-jre-headless:amd64 (7u79-2.5.6-0ubuntu1.14.04.1) ...
Selecting previously unselected package default-jre-headless.
Preparing to unpack .../default-jre-headless_2%3a1.7-51_amd64.deb ...
Unpacking default-jre-headless (2:1.7-51) ...
Selecting previously unselected package libgif4:amd64.
Preparing to unpack .../libgif4_4.1.6-11_amd64.deb ...
Unpacking libgif4:amd64 (4.1.6-11) ...
Selecting previously unselected package x11-common.
Preparing to unpack .../x11-common_1%3a7.7+1ubuntu8.1_all.deb ...
Unpacking x11-common (1:7.7+1ubuntu8.1) ...
Selecting previously unselected package libxtst6:amd64.
Preparing to unpack .../libxtst6_2%3a1.2.2-1_amd64.deb ...
Unpacking libxtst6:amd64 (2:1.2.2-1) ...
Selecting previously unselected package libglapi-mesa:amd64.
Preparing to unpack .../libglapi-mesa_10.1.3-0ubuntu0.4_amd64.deb ...
Unpacking libglapi-mesa:amd64 (10.1.3-0ubuntu0.4) ...
Selecting previously unselected package libx11-xcb1:amd64.
Preparing to unpack .../libx11-xcb1_2%3a1.6.2-1ubuntu2_amd64.deb ...
Unpacking libx11-xcb1:amd64 (2:1.6.2-1ubuntu2) ...
Selecting previously unselected package libxcb-dri2-0:amd64.
Preparing to unpack .../libxcb-dri2-0_1.10-2ubuntu1_amd64.deb ...
Unpacking libxcb-dri2-0:amd64 (1.10-2ubuntu1) ...
Selecting previously unselected package libxcb-dri3-0:amd64.
Preparing to unpack .../libxcb-dri3-0_1.10-2ubuntu1_amd64.deb ...
Unpacking libxcb-dri3-0:amd64 (1.10-2ubuntu1) ...
Selecting previously unselected package libxcb-glx0:amd64.
Preparing to unpack .../libxcb-glx0_1.10-2ubuntu1_amd64.deb ...
Unpacking libxcb-glx0:amd64 (1.10-2ubuntu1) ...
Selecting previously unselected package libxcb-present0:amd64.
Preparing to unpack .../libxcb-present0_1.10-2ubuntu1_amd64.deb ...
Unpacking libxcb-present0:amd64 (1.10-2ubuntu1) ...
Selecting previously unselected package libxcb-sync1:amd64.
Preparing to unpack .../libxcb-sync1_1.10-2ubuntu1_amd64.deb ...
Unpacking libxcb-sync1:amd64 (1.10-2ubuntu1) ...
Selecting previously unselected package libxshmfence1:amd64.
Preparing to unpack .../libxshmfence1_1.1-2_amd64.deb ...
Unpacking libxshmfence1:amd64 (1.1-2) ...
Selecting previously unselected package libxxf86vm1:amd64.
Preparing to unpack .../libxxf86vm1_1%3a1.1.3-1_amd64.deb ...
Unpacking libxxf86vm1:amd64 (1:1.1.3-1) ...
Selecting previously unselected package libgl1-mesa-glx:amd64.
Preparing to unpack .../libgl1-mesa-glx_10.1.3-0ubuntu0.4_amd64.deb ...
Unpacking libgl1-mesa-glx:amd64 (10.1.3-0ubuntu0.4) ...
Selecting previously unselected package openjdk-7-jre:amd64.
Preparing to unpack .../openjdk-7-jre_7u79-2.5.6-0ubuntu1.14.04.1_amd64.deb ...
Unpacking openjdk-7-jre:amd64 (7u79-2.5.6-0ubuntu1.14.04.1) ...
Selecting previously unselected package default-jre.
Preparing to unpack .../default-jre_2%3a1.7-51_amd64.deb ...
Unpacking default-jre (2:1.7-51) ...
Selecting previously unselected package libatk-wrapper-java.
Preparing to unpack .../libatk-wrapper-java_0.30.4-4_all.deb ...
Unpacking libatk-wrapper-java (0.30.4-4) ...
Selecting previously unselected package libatk-wrapper-java-jni:amd64.
Preparing to unpack .../libatk-wrapper-java-jni_0.30.4-4_amd64.deb ...
Unpacking libatk-wrapper-java-jni:amd64 (0.30.4-4) ...
Selecting previously unselected package libavahi-glib1:amd64.
Preparing to unpack .../libavahi-glib1_0.6.31-4ubuntu1_amd64.deb ...
Unpacking libavahi-glib1:amd64 (0.6.31-4ubuntu1) ...
Selecting previously unselected package libbonobo2-common.
Preparing to unpack .../libbonobo2-common_2.32.1-0ubuntu5_all.deb ...
Unpacking libbonobo2-common (2.32.1-0ubuntu5) ...
Selecting previously unselected package libidl-common.
Preparing to unpack .../libidl-common_0.8.14-0.2ubuntu4_all.deb ...
Unpacking libidl-common (0.8.14-0.2ubuntu4) ...
Selecting previously unselected package libidl0:amd64.
Preparing to unpack .../libidl0_0.8.14-0.2ubuntu4_amd64.deb ...
Unpacking libidl0:amd64 (0.8.14-0.2ubuntu4) ...
Selecting previously unselected package liborbit-2-0:amd64.
Preparing to unpack .../liborbit-2-0_1%3a2.14.19-0.3_amd64.deb ...
Unpacking liborbit-2-0:amd64 (1:2.14.19-0.3) ...
Selecting previously unselected package liborbit2:amd64.
Preparing to unpack .../liborbit2_1%3a2.14.19-0.3_amd64.deb ...
Unpacking liborbit2:amd64 (1:2.14.19-0.3) ...
Selecting previously unselected package libbonobo2-0:amd64.
Preparing to unpack .../libbonobo2-0_2.32.1-0ubuntu5_amd64.deb ...
Unpacking libbonobo2-0:amd64 (2.32.1-0ubuntu5) ...
Selecting previously unselected package libcairo-gobject2:amd64.
Preparing to unpack .../libcairo-gobject2_1.13.0~20140204-0ubuntu1.1_amd64.deb ...
Unpacking libcairo-gobject2:amd64 (1.13.0~20140204-0ubuntu1.1) ...
Selecting previously unselected package libltdl7:amd64.
Preparing to unpack .../libltdl7_2.4.2-1.7ubuntu1_amd64.deb ...
Unpacking libltdl7:amd64 (2.4.2-1.7ubuntu1) ...
Selecting previously unselected package libtdb1:amd64.
Preparing to unpack .../libtdb1_1.2.12-1_amd64.deb ...
Unpacking libtdb1:amd64 (1.2.12-1) ...
Selecting previously unselected package libvorbisfile3:amd64.
Preparing to unpack .../libvorbisfile3_1.3.2-1.3ubuntu1_amd64.deb ...
Unpacking libvorbisfile3:amd64 (1.3.2-1.3ubuntu1) ...
Selecting previously unselected package sound-theme-freedesktop.
Preparing to unpack .../sound-theme-freedesktop_0.8-1_all.deb ...
Unpacking sound-theme-freedesktop (0.8-1) ...
Selecting previously unselected package libcanberra0:amd64.
Preparing to unpack .../libcanberra0_0.30-0ubuntu3_amd64.deb ...
Unpacking libcanberra0:amd64 (0.30-0ubuntu3) ...
Selecting previously unselected package libcolord1:amd64.
Preparing to unpack .../libcolord1_1.0.6-1_amd64.deb ...
Unpacking libcolord1:amd64 (1.0.6-1) ...
Selecting previously unselected package libdconf1:amd64.
Preparing to unpack .../libdconf1_0.20.0-1_amd64.deb ...
Unpacking libdconf1:amd64 (0.20.0-1) ...
Selecting previously unselected package libpciaccess0:amd64.
Preparing to unpack .../libpciaccess0_0.13.2-1_amd64.deb ...
Unpacking libpciaccess0:amd64 (0.13.2-1) ...
Selecting previously unselected package libdrm-intel1:amd64.
Preparing to unpack .../libdrm-intel1_2.4.60-2~ubuntu14.04.1_amd64.deb ...
Unpacking libdrm-intel1:amd64 (2.4.60-2~ubuntu14.04.1) ...
Selecting previously unselected package libdrm-nouveau2:amd64.
Preparing to unpack .../libdrm-nouveau2_2.4.60-2~ubuntu14.04.1_amd64.deb ...
Unpacking libdrm-nouveau2:amd64 (2.4.60-2~ubuntu14.04.1) ...
Selecting previously unselected package libdrm-radeon1:amd64.
Preparing to unpack .../libdrm-radeon1_2.4.60-2~ubuntu14.04.1_amd64.deb ...
Unpacking libdrm-radeon1:amd64 (2.4.60-2~ubuntu14.04.1) ...
Selecting previously unselected package libexif12:amd64.
Preparing to unpack .../libexif12_0.6.21-1ubuntu1_amd64.deb ...
Unpacking libexif12:amd64 (0.6.21-1ubuntu1) ...
Selecting previously unselected package libfontenc1:amd64.
Preparing to unpack .../libfontenc1_1%3a1.1.2-1_amd64.deb ...
Unpacking libfontenc1:amd64 (1:1.1.2-1) ...
Selecting previously unselected package gconf2-common.
Preparing to unpack .../gconf2-common_3.2.6-0ubuntu2_all.deb ...
Unpacking gconf2-common (3.2.6-0ubuntu2) ...
Selecting previously unselected package libgconf-2-4:amd64.
Preparing to unpack .../libgconf-2-4_3.2.6-0ubuntu2_amd64.deb ...
Unpacking libgconf-2-4:amd64 (3.2.6-0ubuntu2) ...
Selecting previously unselected package libvpx1:amd64.
Preparing to unpack .../libvpx1_1.3.0-2_amd64.deb ...
Unpacking libvpx1:amd64 (1.3.0-2) ...
Selecting previously unselected package libxpm4:amd64.
Preparing to unpack .../libxpm4_1%3a3.5.10-1_amd64.deb ...
Unpacking libxpm4:amd64 (1:3.5.10-1) ...
Selecting previously unselected package libgd3:amd64.
Preparing to unpack .../libgd3_2.1.0-3_amd64.deb ...
Unpacking libgd3:amd64 (2.1.0-3) ...
Selecting previously unselected package libllvm3.4:amd64.
Preparing to unpack .../libllvm3.4_1%3a3.4-1ubuntu3_amd64.deb ...
Unpacking libllvm3.4:amd64 (1:3.4-1ubuntu3) ...
Selecting previously unselected package libgl1-mesa-dri:amd64.
Preparing to unpack .../libgl1-mesa-dri_10.1.3-0ubuntu0.4_amd64.deb ...
Unpacking libgl1-mesa-dri:amd64 (10.1.3-0ubuntu0.4) ...
Selecting previously unselected package gconf-service-backend.
Preparing to unpack .../gconf-service-backend_3.2.6-0ubuntu2_amd64.deb ...
Unpacking gconf-service-backend (3.2.6-0ubuntu2) ...
Selecting previously unselected package gconf-service.
Preparing to unpack .../gconf-service_3.2.6-0ubuntu2_amd64.deb ...
Unpacking gconf-service (3.2.6-0ubuntu2) ...
Selecting previously unselected package dbus-x11.
Preparing to unpack .../dbus-x11_1.6.18-0ubuntu4.3_amd64.deb ...
Unpacking dbus-x11 (1.6.18-0ubuntu4.3) ...
Selecting previously unselected package gconf2.
Preparing to unpack .../gconf2_3.2.6-0ubuntu2_amd64.deb ...
Unpacking gconf2 (3.2.6-0ubuntu2) ...
Selecting previously unselected package libgnomevfs2-common.
Preparing to unpack .../libgnomevfs2-common_1%3a2.24.4-1ubuntu6_amd64.deb ...
Unpacking libgnomevfs2-common (1:2.24.4-1ubuntu6) ...
Selecting previously unselected package libgnomevfs2-0:amd64.
Preparing to unpack .../libgnomevfs2-0_1%3a2.24.4-1ubuntu6_amd64.deb ...
Unpacking libgnomevfs2-0:amd64 (1:2.24.4-1ubuntu6) ...
Selecting previously unselected package libgnome2-common.
Preparing to unpack .../libgnome2-common_2.32.1-4ubuntu1_all.deb ...
Unpacking libgnome2-common (2.32.1-4ubuntu1) ...
Selecting previously unselected package libgnome2-bin.
Preparing to unpack .../libgnome2-bin_2.32.1-4ubuntu1_amd64.deb ...
Unpacking libgnome2-bin (2.32.1-4ubuntu1) ...
Selecting previously unselected package libgnome2-0:amd64.
Preparing to unpack .../libgnome2-0_2.32.1-4ubuntu1_amd64.deb ...
Unpacking libgnome2-0:amd64 (2.32.1-4ubuntu1) ...
Selecting previously unselected package libgphoto2-port10:amd64.
Preparing to unpack .../libgphoto2-port10_2.5.3.1-1ubuntu2.2_amd64.deb ...
Unpacking libgphoto2-port10:amd64 (2.5.3.1-1ubuntu2.2) ...
Selecting previously unselected package libgphoto2-6:amd64.
Preparing to unpack .../libgphoto2-6_2.5.3.1-1ubuntu2.2_amd64.deb ...
Unpacking libgphoto2-6:amd64 (2.5.3.1-1ubuntu2.2) ...
Selecting previously unselected package dconf-service.
Preparing to unpack .../dconf-service_0.20.0-1_amd64.deb ...
Unpacking dconf-service (0.20.0-1) ...
Selecting previously unselected package dconf-gsettings-backend:amd64.
Preparing to unpack .../dconf-gsettings-backend_0.20.0-1_amd64.deb ...
Unpacking dconf-gsettings-backend:amd64 (0.20.0-1) ...
Selecting previously unselected package libgtk-3-common.
Preparing to unpack .../libgtk-3-common_3.10.8-0ubuntu1.6_all.deb ...
Unpacking libgtk-3-common (3.10.8-0ubuntu1.6) ...
Selecting previously unselected package libwayland-client0:amd64.
Preparing to unpack .../libwayland-client0_1.4.0-1ubuntu1_amd64.deb ...
Unpacking libwayland-client0:amd64 (1.4.0-1ubuntu1) ...
Selecting previously unselected package libwayland-cursor0:amd64.
Preparing to unpack .../libwayland-cursor0_1.4.0-1ubuntu1_amd64.deb ...
Unpacking libwayland-cursor0:amd64 (1.4.0-1ubuntu1) ...
Selecting previously unselected package libxkbcommon0:amd64.
Preparing to unpack .../libxkbcommon0_0.4.1-0ubuntu1_amd64.deb ...
Unpacking libxkbcommon0:amd64 (0.4.1-0ubuntu1) ...
Selecting previously unselected package libgtk-3-0:amd64.
Preparing to unpack .../libgtk-3-0_3.10.8-0ubuntu1.6_amd64.deb ...
Unpacking libgtk-3-0:amd64 (3.10.8-0ubuntu1.6) ...
Selecting previously unselected package libgudev-1.0-0:amd64.
Preparing to unpack .../libgudev-1.0-0_1%3a204-5ubuntu20.13_amd64.deb ...
Unpacking libgudev-1.0-0:amd64 (1:204-5ubuntu20.13) ...
Selecting previously unselected package libice6:amd64.
Preparing to unpack .../libice6_2%3a1.0.8-2_amd64.deb ...
Unpacking libice6:amd64 (2:1.0.8-2) ...
Selecting previously unselected package libieee1284-3:amd64.
Preparing to unpack .../libieee1284-3_0.2.11-12_amd64.deb ...
Unpacking libieee1284-3:amd64 (0.2.11-12) ...
Selecting previously unselected package libpolkit-agent-1-0:amd64.
Preparing to unpack .../libpolkit-agent-1-0_0.105-4ubuntu2.14.04.1_amd64.deb ...
Unpacking libpolkit-agent-1-0:amd64 (0.105-4ubuntu2.14.04.1) ...
Selecting previously unselected package libpolkit-backend-1-0:amd64.
Preparing to unpack .../libpolkit-backend-1-0_0.105-4ubuntu2.14.04.1_amd64.deb ...
Unpacking libpolkit-backend-1-0:amd64 (0.105-4ubuntu2.14.04.1) ...
Selecting previously unselected package acl.
Preparing to unpack .../acl_2.2.52-1_amd64.deb ...
Unpacking acl (2.2.52-1) ...
Selecting previously unselected package libsane-common.
Preparing to unpack .../libsane-common_1.0.23-3ubuntu3.1_amd64.deb ...
Unpacking libsane-common (1.0.23-3ubuntu3.1) ...
Selecting previously unselected package libv4lconvert0:amd64.
Preparing to unpack .../libv4lconvert0_1.0.1-1_amd64.deb ...
Unpacking libv4lconvert0:amd64 (1.0.1-1) ...
Selecting previously unselected package libv4l-0:amd64.
Preparing to unpack .../libv4l-0_1.0.1-1_amd64.deb ...
Unpacking libv4l-0:amd64 (1.0.1-1) ...
Selecting previously unselected package libsane:amd64.
Preparing to unpack .../libsane_1.0.23-3ubuntu3.1_amd64.deb ...
Unpacking libsane:amd64 (1.0.23-3ubuntu3.1) ...
Selecting previously unselected package libsecret-common.
Preparing to unpack .../libsecret-common_0.16-0ubuntu1_all.deb ...
Unpacking libsecret-common (0.16-0ubuntu1) ...
Selecting previously unselected package libsecret-1-0:amd64.
Preparing to unpack .../libsecret-1-0_0.16-0ubuntu1_amd64.deb ...
Unpacking libsecret-1-0:amd64 (0.16-0ubuntu1) ...
Selecting previously unselected package libsm6:amd64.
Preparing to unpack .../libsm6_2%3a1.2.1-2_amd64.deb ...
Unpacking libsm6:amd64 (2:1.2.1-2) ...
Selecting previously unselected package libudisks2-0:amd64.
Preparing to unpack .../libudisks2-0_2.1.3-1ubuntu0.1_amd64.deb ...
Unpacking libudisks2-0:amd64 (2.1.3-1ubuntu0.1) ...
Selecting previously unselected package libxt6:amd64.
Preparing to unpack .../libxt6_1%3a1.1.4-1_amd64.deb ...
Unpacking libxt6:amd64 (1:1.1.4-1) ...
Selecting previously unselected package libxmu6:amd64.
Preparing to unpack .../libxmu6_2%3a1.1.1-1_amd64.deb ...
Unpacking libxmu6:amd64 (2:1.1.1-1) ...
Selecting previously unselected package libxaw7:amd64.
Preparing to unpack .../libxaw7_2%3a1.0.12-1_amd64.deb ...
Unpacking libxaw7:amd64 (2:1.0.12-1) ...
Selecting previously unselected package libxcb-shape0:amd64.
Preparing to unpack .../libxcb-shape0_1.10-2ubuntu1_amd64.deb ...
Unpacking libxcb-shape0:amd64 (1.10-2ubuntu1) ...
Selecting previously unselected package libxft2:amd64.
Preparing to unpack .../libxft2_2.3.1-2_amd64.deb ...
Unpacking libxft2:amd64 (2.3.1-2) ...
Selecting previously unselected package libxv1:amd64.
Preparing to unpack .../libxv1_2%3a1.0.10-1_amd64.deb ...
Unpacking libxv1:amd64 (2:1.0.10-1) ...
Selecting previously unselected package libxxf86dga1:amd64.
Preparing to unpack .../libxxf86dga1_2%3a1.1.4-1_amd64.deb ...
Unpacking libxxf86dga1:amd64 (2:1.1.4-1) ...
Selecting previously unselected package libgusb2:amd64.
Preparing to unpack .../libgusb2_0.1.6-5_amd64.deb ...
Unpacking libgusb2:amd64 (0.1.6-5) ...
Selecting previously unselected package libcolorhug1:amd64.
Preparing to unpack .../libcolorhug1_1.0.6-1_amd64.deb ...
Unpacking libcolorhug1:amd64 (1.0.6-1) ...
Selecting previously unselected package libtxc-dxtn-s2tc0:amd64.
Preparing to unpack .../libtxc-dxtn-s2tc0_0~git20131104-1.1_amd64.deb ...
Unpacking libtxc-dxtn-s2tc0:amd64 (0~git20131104-1.1) ...
Selecting previously unselected package at-spi2-core.
Preparing to unpack .../at-spi2-core_2.10.2.is.2.10.1-0ubuntu1_amd64.deb ...
Unpacking at-spi2-core (2.10.2.is.2.10.1-0ubuntu1) ...
Selecting previously unselected package policykit-1.
Preparing to unpack .../policykit-1_0.105-4ubuntu2.14.04.1_amd64.deb ...
Unpacking policykit-1 (0.105-4ubuntu2.14.04.1) ...
Selecting previously unselected package colord.
Preparing to unpack .../colord_1.0.6-1_amd64.deb ...
Unpacking colord (1.0.6-1) ...
Selecting previously unselected package desktop-file-utils.
Preparing to unpack .../desktop-file-utils_0.22-1ubuntu1_amd64.deb ...
Unpacking desktop-file-utils (0.22-1ubuntu1) ...
Selecting previously unselected package fonts-dejavu-extra.
Preparing to unpack .../fonts-dejavu-extra_2.34-1ubuntu1_all.deb ...
Unpacking fonts-dejavu-extra (2.34-1ubuntu1) ...
Selecting previously unselected package x11-utils.
Preparing to unpack .../x11-utils_7.7+1_amd64.deb ...
Unpacking x11-utils (7.7+1) ...
Selecting previously unselected package udisks2.
Preparing to unpack .../udisks2_2.1.3-1ubuntu0.1_amd64.deb ...
Unpacking udisks2 (2.1.3-1ubuntu0.1) ...
Selecting previously unselected package gvfs-common.
Preparing to unpack .../gvfs-common_1.20.3-0ubuntu1.1_all.deb ...
Unpacking gvfs-common (1.20.3-0ubuntu1.1) ...
Selecting previously unselected package gvfs-libs:amd64.
Preparing to unpack .../gvfs-libs_1.20.3-0ubuntu1.1_amd64.deb ...
Unpacking gvfs-libs:amd64 (1.20.3-0ubuntu1.1) ...
Selecting previously unselected package gvfs-daemons.
Preparing to unpack .../gvfs-daemons_1.20.3-0ubuntu1.1_amd64.deb ...
Unpacking gvfs-daemons (1.20.3-0ubuntu1.1) ...
Selecting previously unselected package gvfs:amd64.
Preparing to unpack .../gvfs_1.20.3-0ubuntu1.1_amd64.deb ...
Unpacking gvfs:amd64 (1.20.3-0ubuntu1.1) ...
Selecting previously unselected package hicolor-icon-theme.
Preparing to unpack .../hicolor-icon-theme_0.13-1_all.deb ...
Unpacking hicolor-icon-theme (0.13-1) ...
Selecting previously unselected package libgconf2-4:amd64.
Preparing to unpack .../libgconf2-4_3.2.6-0ubuntu2_amd64.deb ...
Unpacking libgconf2-4:amd64 (3.2.6-0ubuntu2) ...
Selecting previously unselected package libgphoto2-l10n.
Preparing to unpack .../libgphoto2-l10n_2.5.3.1-1ubuntu2.2_all.deb ...
Unpacking libgphoto2-l10n (2.5.3.1-1ubuntu2.2) ...
Selecting previously unselected package libgtk-3-bin.
Preparing to unpack .../libgtk-3-bin_3.10.8-0ubuntu1.6_amd64.deb ...
Adding 'diversion of /usr/sbin/update-icon-caches to /usr/sbin/update-icon-caches.gtk2 by libgtk-3-bin'
Adding 'diversion of /usr/share/man/man8/update-icon-caches.8.gz to /usr/share/man/man8/update-icon-caches.gtk2.8.gz by libgtk-3-bin'
Unpacking libgtk-3-bin (3.10.8-0ubuntu1.6) ...
Selecting previously unselected package libgtk2.0-bin.
Preparing to unpack .../libgtk2.0-bin_2.24.23-0ubuntu1.2_amd64.deb ...
Unpacking libgtk2.0-bin (2.24.23-0ubuntu1.2) ...
Selecting previously unselected package policykit-1-gnome.
Preparing to unpack .../policykit-1-gnome_0.105-1ubuntu4_amd64.deb ...
Unpacking policykit-1-gnome (0.105-1ubuntu4) ...
Processing triggers for man-db (2.6.7.1-1ubuntu1) ...
Processing triggers for ca-certificates (20141019ubuntu0.14.04.1) ...
Updating certificates in /etc/ssl/certs... 0 added, 0 removed; done.
Running hooks in /etc/ca-certificates/update.d....done.
Processing triggers for ureadahead (0.100.0-16) ...
Processing triggers for mime-support (3.54ubuntu1.1) ...
Processing triggers for udev (204-5ubuntu20.13) ...
Processing triggers for libglib2.0-0:amd64 (2.40.2-0ubuntu1) ...
Setting up libasound2-data (1.0.27.2-3ubuntu7) ...
Setting up libasound2:amd64 (1.0.27.2-3ubuntu7) ...
Setting up libasyncns0:amd64 (0.8-4ubuntu2) ...
Setting up libatasmart4:amd64 (0.19-3) ...
Setting up libatk1.0-data (2.10.0-2ubuntu2) ...
Setting up libatk1.0-0:amd64 (2.10.0-2ubuntu2) ...
Setting up libatspi2.0-0:amd64 (2.10.2.is.2.10.1-0ubuntu1) ...
Setting up libatk-bridge2.0-0:amd64 (2.10.2-2ubuntu1) ...
Setting up libgtk2.0-common (2.24.23-0ubuntu1.2) ...
Setting up fonts-dejavu-core (2.34-1ubuntu1) ...
Setting up fontconfig-config (2.11.0-0ubuntu4.1) ...
Setting up libfontconfig1:amd64 (2.11.0-0ubuntu4.1) ...
Setting up libpixman-1-0:amd64 (0.30.2-2ubuntu1) ...
Setting up libxcb-render0:amd64 (1.10-2ubuntu1) ...
Setting up libxcb-shm0:amd64 (1.10-2ubuntu1) ...
Setting up libxrender1:amd64 (1:0.9.8-1build0.14.04.1) ...
Setting up libcairo2:amd64 (1.13.0~20140204-0ubuntu1.1) ...
Setting up libavahi-common-data:amd64 (0.6.31-4ubuntu1) ...
Setting up libavahi-common3:amd64 (0.6.31-4ubuntu1) ...
Setting up libavahi-client3:amd64 (0.6.31-4ubuntu1) ...
Setting up libcups2:amd64 (1.7.2-0ubuntu1.6) ...
Setting up libjasper1:amd64 (1.900.1-14ubuntu3.2) ...
Setting up libgdk-pixbuf2.0-common (2.30.7-0ubuntu1.1) ...
Setting up libgdk-pixbuf2.0-0:amd64 (2.30.7-0ubuntu1.1) ...
Setting up libthai-data (0.1.20-3) ...
Setting up libdatrie1:amd64 (0.2.8-1) ...
Setting up libthai0:amd64 (0.1.20-3) ...
Setting up fontconfig (2.11.0-0ubuntu4.1) ...
Regenerating fonts cache... done.
Setting up libpango-1.0-0:amd64 (1.36.3-1ubuntu1.1) ...
Setting up libgraphite2-3:amd64 (1.2.4-1ubuntu1) ...
Setting up libharfbuzz0b:amd64 (0.9.27-1ubuntu1) ...
Setting up libpangoft2-1.0-0:amd64 (1.36.3-1ubuntu1.1) ...
Setting up libpangocairo-1.0-0:amd64 (1.36.3-1ubuntu1.1) ...
Setting up libxcomposite1:amd64 (1:0.4.4-1) ...
Setting up libxfixes3:amd64 (1:5.0.1-1ubuntu1.1) ...
Setting up libxcursor1:amd64 (1:1.1.14-1) ...
Setting up libxdamage1:amd64 (1:1.1.4-1ubuntu1) ...
Setting up libxi6:amd64 (2:1.7.1.901-1ubuntu1.1) ...
Setting up libxinerama1:amd64 (2:1.1.3-1) ...
Setting up libxrandr2:amd64 (2:1.4.2-1) ...
Setting up libgtk2.0-0:amd64 (2.24.23-0ubuntu1.2) ...
Setting up tzdata-java (2015f-0ubuntu0.14.04) ...
Setting up java-common (0.51) ...
Setting up libpcsclite1:amd64 (1.8.10-1ubuntu1) ...
Setting up libogg0:amd64 (1.3.1-1ubuntu1) ...
Setting up libflac8:amd64 (1.3.0-2ubuntu0.14.04.1) ...
Setting up libvorbis0a:amd64 (1.3.2-1.3ubuntu1) ...
Setting up libvorbisenc2:amd64 (1.3.2-1.3ubuntu1) ...
Setting up libsndfile1:amd64 (1.0.25-7ubuntu2) ...
Setting up libpulse0:amd64 (1:4.0-0ubuntu11.1) ...
Setting up libgif4:amd64 (4.1.6-11) ...
Setting up x11-common (1:7.7+1ubuntu8.1) ...
 * Setting up X socket directories...                                                         [ OK ] 
Setting up libglapi-mesa:amd64 (10.1.3-0ubuntu0.4) ...
Setting up libx11-xcb1:amd64 (2:1.6.2-1ubuntu2) ...
Setting up libxcb-dri2-0:amd64 (1.10-2ubuntu1) ...
Setting up libxcb-dri3-0:amd64 (1.10-2ubuntu1) ...
Setting up libxcb-glx0:amd64 (1.10-2ubuntu1) ...
Setting up libxcb-present0:amd64 (1.10-2ubuntu1) ...
Setting up libxcb-sync1:amd64 (1.10-2ubuntu1) ...
Setting up libxshmfence1:amd64 (1.1-2) ...
Setting up libxxf86vm1:amd64 (1:1.1.3-1) ...
Setting up libgl1-mesa-glx:amd64 (10.1.3-0ubuntu0.4) ...
update-alternatives: using /usr/lib/x86_64-linux-gnu/mesa/ld.so.conf to provide /etc/ld.so.conf.d/x86_64-linux-gnu_GL.conf (x86_64-linux-gnu_gl_conf) in auto mode
Setting up libavahi-glib1:amd64 (0.6.31-4ubuntu1) ...
Setting up libbonobo2-common (2.32.1-0ubuntu5) ...
Setting up libidl-common (0.8.14-0.2ubuntu4) ...
Setting up libidl0:amd64 (0.8.14-0.2ubuntu4) ...
Setting up liborbit-2-0:amd64 (1:2.14.19-0.3) ...
Setting up liborbit2:amd64 (1:2.14.19-0.3) ...
Setting up libbonobo2-0:amd64 (2.32.1-0ubuntu5) ...
Setting up libcairo-gobject2:amd64 (1.13.0~20140204-0ubuntu1.1) ...
Setting up libltdl7:amd64 (2.4.2-1.7ubuntu1) ...
Setting up libtdb1:amd64 (1.2.12-1) ...
Setting up libvorbisfile3:amd64 (1.3.2-1.3ubuntu1) ...
Setting up sound-theme-freedesktop (0.8-1) ...
Setting up libcanberra0:amd64 (0.30-0ubuntu3) ...
Setting up libcolord1:amd64 (1.0.6-1) ...
Setting up libdconf1:amd64 (0.20.0-1) ...
Setting up libpciaccess0:amd64 (0.13.2-1) ...
Setting up libdrm-intel1:amd64 (2.4.60-2~ubuntu14.04.1) ...
Setting up libdrm-nouveau2:amd64 (2.4.60-2~ubuntu14.04.1) ...
Setting up libdrm-radeon1:amd64 (2.4.60-2~ubuntu14.04.1) ...
Setting up libexif12:amd64 (0.6.21-1ubuntu1) ...
Setting up libfontenc1:amd64 (1:1.1.2-1) ...
Setting up gconf2-common (3.2.6-0ubuntu2) ...

Creating config file /etc/gconf/2/path with new version
Setting up libgconf-2-4:amd64 (3.2.6-0ubuntu2) ...
Setting up libvpx1:amd64 (1.3.0-2) ...
Setting up libxpm4:amd64 (1:3.5.10-1) ...
Setting up libgd3:amd64 (2.1.0-3) ...
Setting up libllvm3.4:amd64 (1:3.4-1ubuntu3) ...
Setting up libgl1-mesa-dri:amd64 (10.1.3-0ubuntu0.4) ...
Setting up dbus-x11 (1.6.18-0ubuntu4.3) ...
Setting up libgphoto2-port10:amd64 (2.5.3.1-1ubuntu2.2) ...
Setting up libgphoto2-6:amd64 (2.5.3.1-1ubuntu2.2) ...
Setting up dconf-service (0.20.0-1) ...
Setting up dconf-gsettings-backend:amd64 (0.20.0-1) ...
Setting up libgtk-3-common (3.10.8-0ubuntu1.6) ...
Setting up libwayland-client0:amd64 (1.4.0-1ubuntu1) ...
Setting up libwayland-cursor0:amd64 (1.4.0-1ubuntu1) ...
Setting up libxkbcommon0:amd64 (0.4.1-0ubuntu1) ...
Setting up libgtk-3-0:amd64 (3.10.8-0ubuntu1.6) ...
Setting up libgudev-1.0-0:amd64 (1:204-5ubuntu20.13) ...
Setting up libieee1284-3:amd64 (0.2.11-12) ...
Setting up libpolkit-agent-1-0:amd64 (0.105-4ubuntu2.14.04.1) ...
Setting up libpolkit-backend-1-0:amd64 (0.105-4ubuntu2.14.04.1) ...
Setting up acl (2.2.52-1) ...
Setting up libsane-common (1.0.23-3ubuntu3.1) ...
Setting up libv4lconvert0:amd64 (1.0.1-1) ...
Setting up libv4l-0:amd64 (1.0.1-1) ...
Setting up libsane:amd64 (1.0.23-3ubuntu3.1) ...
Adding scanner group...
Setting up libsecret-common (0.16-0ubuntu1) ...
Setting up libsecret-1-0:amd64 (0.16-0ubuntu1) ...
Setting up libudisks2-0:amd64 (2.1.3-1ubuntu0.1) ...
Setting up libxcb-shape0:amd64 (1.10-2ubuntu1) ...
Setting up libxft2:amd64 (2.3.1-2) ...
Setting up libxv1:amd64 (2:1.0.10-1) ...
Setting up libxxf86dga1:amd64 (2:1.1.4-1) ...
Setting up libgusb2:amd64 (0.1.6-5) ...
Setting up libcolorhug1:amd64 (1.0.6-1) ...
Setting up libtxc-dxtn-s2tc0:amd64 (0~git20131104-1.1) ...
update-alternatives: using /usr/lib/x86_64-linux-gnu/libtxc_dxtn_s2tc.so.0 to provide /usr/lib/x86_64-linux-gnu/libtxc_dxtn.so (libtxc-dxtn-x86_64-linux-gnu) in auto mode
Setting up policykit-1 (0.105-4ubuntu2.14.04.1) ...
Setting up colord (1.0.6-1) ...
Setting up desktop-file-utils (0.22-1ubuntu1) ...
Setting up fonts-dejavu-extra (2.34-1ubuntu1) ...
Setting up udisks2 (2.1.3-1ubuntu0.1) ...
Setting up gvfs-common (1.20.3-0ubuntu1.1) ...
Setting up gvfs-libs:amd64 (1.20.3-0ubuntu1.1) ...
Setting up hicolor-icon-theme (0.13-1) ...
Setting up libgphoto2-l10n (2.5.3.1-1ubuntu2.2) ...
Setting up libgtk-3-bin (3.10.8-0ubuntu1.6) ...
Setting up libgtk2.0-bin (2.24.23-0ubuntu1.2) ...
Setting up policykit-1-gnome (0.105-1ubuntu4) ...
Processing triggers for ureadahead (0.100.0-16) ...
Setting up libxtst6:amd64 (2:1.2.2-1) ...
Setting up libice6:amd64 (2:1.0.8-2) ...
Setting up libsm6:amd64 (2:1.2.1-2) ...
Setting up libxt6:amd64 (1:1.1.4-1) ...
Setting up libxmu6:amd64 (2:1.1.1-1) ...
Setting up libxaw7:amd64 (2:1.0.12-1) ...
Setting up at-spi2-core (2.10.2.is.2.10.1-0ubuntu1) ...
Setting up x11-utils (7.7+1) ...
Setting up gvfs-daemons (1.20.3-0ubuntu1.1) ...
Setting up gvfs:amd64 (1.20.3-0ubuntu1.1) ...
Setting up gconf-service (3.2.6-0ubuntu2) ...
Setting up libgnome2-bin (2.32.1-4ubuntu1) ...
Setting up libgconf2-4:amd64 (3.2.6-0ubuntu2) ...
Setting up openjdk-7-jre-headless:amd64 (7u79-2.5.6-0ubuntu1.14.04.1) ...
update-alternatives: using /usr/lib/jvm/java-7-openjdk-amd64/jre/bin/java to provide /usr/bin/java (java) in auto mode
update-alternatives: using /usr/lib/jvm/java-7-openjdk-amd64/jre/bin/keytool to provide /usr/bin/keytool (keytool) in auto mode
update-alternatives: using /usr/lib/jvm/java-7-openjdk-amd64/jre/bin/pack200 to provide /usr/bin/pack200 (pack200) in auto mode
update-alternatives: using /usr/lib/jvm/java-7-openjdk-amd64/jre/bin/rmid to provide /usr/bin/rmid (rmid) in auto mode
update-alternatives: using /usr/lib/jvm/java-7-openjdk-amd64/jre/bin/rmiregistry to provide /usr/bin/rmiregistry (rmiregistry) in auto mode
update-alternatives: using /usr/lib/jvm/java-7-openjdk-amd64/jre/bin/unpack200 to provide /usr/bin/unpack200 (unpack200) in auto mode
update-alternatives: using /usr/lib/jvm/java-7-openjdk-amd64/jre/bin/orbd to provide /usr/bin/orbd (orbd) in auto mode
update-alternatives: using /usr/lib/jvm/java-7-openjdk-amd64/jre/bin/servertool to provide /usr/bin/servertool (servertool) in auto mode
update-alternatives: using /usr/lib/jvm/java-7-openjdk-amd64/jre/bin/tnameserv to provide /usr/bin/tnameserv (tnameserv) in auto mode
update-alternatives: using /usr/lib/jvm/java-7-openjdk-amd64/jre/lib/jexec to provide /usr/bin/jexec (jexec) in auto mode
Setting up default-jre-headless (2:1.7-51) ...
Setting up openjdk-7-jre:amd64 (7u79-2.5.6-0ubuntu1.14.04.1) ...
update-alternatives: using /usr/lib/jvm/java-7-openjdk-amd64/jre/bin/policytool to provide /usr/bin/policytool (policytool) in auto mode
Setting up default-jre (2:1.7-51) ...
Setting up gconf-service-backend (3.2.6-0ubuntu2) ...
Setting up gconf2 (3.2.6-0ubuntu2) ...
update-alternatives: using /usr/bin/gconftool-2 to provide /usr/bin/gconftool (gconftool) in auto mode

(gconftool-2:24201): GConf-WARNING **: Client failed to connect to the D-BUS daemon:
Unable to autolaunch a dbus-daemon without a $DISPLAY for X11
Setting up libgnomevfs2-common (1:2.24.4-1ubuntu6) ...
Setting up libgnomevfs2-0:amd64 (1:2.24.4-1ubuntu6) ...
Setting up libgnome2-common (2.32.1-4ubuntu1) ...
Setting up libgnome2-0:amd64 (2.32.1-4ubuntu1) ...
Setting up ca-certificates-java (20130815ubuntu1) ...
Adding debian:Equifax_Secure_eBusiness_CA_1.pem
Adding debian:PSCProcert.pem
Adding debian:NetLock_Qualified_=Class_QA=_Root.pem
Adding debian:Verisign_Class_1_Public_Primary_Certification_Authority.pem
Adding debian:AddTrust_Public_Services_Root.pem
Adding debian:Comodo_Trusted_Services_root.pem
Adding debian:Comodo_Secure_Services_root.pem
Adding debian:Entrust_Root_Certification_Authority.pem
Adding debian:Chambers_of_Commerce_Root_-_2008.pem
Adding debian:Autoridad_de_Certificacion_Firmaprofesional_CIF_A62634068.pem
Adding debian:DST_ACES_CA_X6.pem
Adding debian:GeoTrust_Primary_Certification_Authority_-_G2.pem
Adding debian:ACEDICOM_Root.pem
Adding debian:TWCA_Global_Root_CA.pem
Adding debian:ComSign_CA.pem
Adding debian:VeriSign_Class_3_Public_Primary_Certification_Authority_-_G4.pem
Adding debian:NetLock_Arany_=Class_Gold=_Főtanúsítvány.pem
Adding debian:SG_TRUST_SERVICES_RACINE.pem
Adding debian:CNNIC_ROOT.pem
Adding debian:GlobalSign_Root_CA.pem
Adding debian:TeliaSonera_Root_CA_v1.pem
Adding debian:Verisign_Class_3_Public_Primary_Certification_Authority_-_G2.pem
Adding debian:COMODO_ECC_Certification_Authority.pem
Adding debian:SwissSign_Gold_CA_-_G2.pem
Adding debian:CA_Disig_Root_R2.pem
Adding debian:TURKTRUST_Certificate_Services_Provider_Root_2.pem
Adding debian:Starfield_Services_Root_Certificate_Authority_-_G2.pem
Adding debian:Atos_TrustedRoot_2011.pem
Adding debian:Go_Daddy_Root_Certificate_Authority_-_G2.pem
Adding debian:China_Internet_Network_Information_Center_EV_Certificates_Root.pem
Adding debian:thawte_Primary_Root_CA.pem
Adding debian:Starfield_Class_2_CA.pem
Adding debian:DigiCert_Trusted_Root_G4.pem
Adding debian:Security_Communication_RootCA2.pem
Adding debian:S-TRUST_Authentication_and_Encryption_Root_CA_2005_PN.pem
Adding debian:Buypass_Class_3_Root_CA.pem
Adding debian:AddTrust_Qualified_Certificates_Root.pem
Adding debian:DST_Root_CA_X3.pem
Adding debian:AffirmTrust_Commercial.pem
Adding debian:QuoVadis_Root_CA_3.pem
Adding debian:T-TeleSec_GlobalRoot_Class_2.pem
Adding debian:QuoVadis_Root_CA_2.pem
Adding debian:WoSign_China.pem
Adding debian:Taiwan_GRCA.pem
Adding debian:Thawte_Premium_Server_CA.pem
Adding debian:Security_Communication_EV_RootCA1.pem
Adding debian:DigiCert_High_Assurance_EV_Root_CA.pem
Adding debian:Starfield_Root_Certificate_Authority_-_G2.pem
Adding debian:GeoTrust_Universal_CA_2.pem
Adding debian:Swisscom_Root_EV_CA_2.pem
Adding debian:Swisscom_Root_CA_1.pem
Adding debian:Staat_der_Nederlanden_Root_CA.pem
Adding debian:Security_Communication_Root_CA.pem
Adding debian:DigiCert_Global_Root_G2.pem
Adding debian:Buypass_Class_2_Root_CA.pem
Adding debian:Thawte_Server_CA.pem
Adding debian:CA_Disig.pem
Adding debian:EBG_Elektronik_Sertifika_Hizmet_Sağlayıcısı.pem
Adding debian:AC_Raíz_Certicámara_S.A..pem
Adding debian:TWCA_Root_Certification_Authority.pem
Adding debian:Microsec_e-Szigno_Root_CA_2009.pem
Adding debian:GTE_CyberTrust_Global_Root.pem
Adding debian:Camerfirma_Global_Chambersign_Root.pem
Adding debian:SwissSign_Platinum_CA_-_G2.pem
Adding debian:GeoTrust_Primary_Certification_Authority.pem
Adding debian:DigiCert_Assured_ID_Root_G3.pem
Adding debian:certSIGN_ROOT_CA.pem
Adding debian:Verisign_Class_3_Public_Primary_Certification_Authority_-_G3.pem
Adding debian:EC-ACC.pem
Adding debian:AffirmTrust_Networking.pem
Adding debian:thawte_Primary_Root_CA_-_G2.pem
Adding debian:Hongkong_Post_Root_CA_1.pem
Adding debian:SecureSign_RootCA11.pem
Adding debian:StartCom_Certification_Authority_2.pem
Adding debian:Verisign_Class_2_Public_Primary_Certification_Authority_-_G3.pem
Adding debian:Trustis_FPS_Root_CA.pem
Adding debian:Certum_Trusted_Network_CA.pem
Adding debian:America_Online_Root_Certification_Authority_2.pem
Adding debian:Baltimore_CyberTrust_Root.pem
Adding debian:Certigna.pem
Adding debian:RSA_Security_2048_v3.pem
Adding debian:ACCVRAIZ1.pem
Adding debian:Buypass_Class_2_CA_1.pem
Adding debian:AffirmTrust_Premium.pem
Adding debian:Sonera_Class_2_Root_CA.pem
Adding debian:Secure_Global_CA.pem
Adding debian:TC_TrustCenter_Class_3_CA_II.pem
Adding debian:GeoTrust_Primary_Certification_Authority_-_G3.pem
Adding debian:TC_TrustCenter_Universal_CA_I.pem
Adding debian:AffirmTrust_Premium_ECC.pem
Adding debian:Deutsche_Telekom_Root_CA_2.pem
Adding debian:DigiCert_Assured_ID_Root_CA.pem
Adding debian:Certinomis_-_Autorité_Racine.pem
Adding debian:WellsSecure_Public_Root_Certificate_Authority.pem
Adding debian:AddTrust_Low-Value_Services_Root.pem
Adding debian:VeriSign_Universal_Root_Certification_Authority.pem
Adding debian:Microsec_e-Szigno_Root_CA.pem
Adding debian:E-Guven_Kok_Elektronik_Sertifika_Hizmet_Saglayicisi.pem
Adding debian:ComSign_Secured_CA.pem
Adding debian:Hellenic_Academic_and_Research_Institutions_RootCA_2011.pem
Adding debian:StartCom_Certification_Authority.pem
Adding debian:TURKTRUST_Certificate_Services_Provider_Root_2007.pem
Adding debian:GeoTrust_Global_CA_2.pem
Adding debian:Equifax_Secure_Global_eBusiness_CA.pem
Adding debian:Verisign_Class_4_Public_Primary_Certification_Authority_-_G3.pem
Adding debian:UTN_USERFirst_Hardware_Root_CA.pem
Adding debian:Verisign_Class_3_Public_Primary_Certification_Authority_2.pem
Adding debian:Equifax_Secure_CA.pem
Adding debian:D-TRUST_Root_Class_3_CA_2_2009.pem
Adding debian:XRamp_Global_CA_Root.pem
Adding debian:thawte_Primary_Root_CA_-_G3.pem
Adding debian:QuoVadis_Root_CA_2_G3.pem
Adding debian:QuoVadis_Root_CA.pem
Adding debian:Juur-SK.pem
Adding debian:Cybertrust_Global_Root.pem
Adding debian:Comodo_AAA_Services_root.pem
Adding debian:GeoTrust_Global_CA.pem
Adding debian:Visa_eCommerce_Root.pem
Adding debian:WoSign.pem
Adding debian:Digital_Signature_Trust_Co._Global_CA_3.pem
Adding debian:Actalis_Authentication_Root_CA.pem
Adding debian:CA_Disig_Root_R1.pem
Adding debian:TC_TrustCenter_Class_2_CA_II.pem
Adding debian:DigiCert_Global_Root_CA.pem
Adding debian:Global_Chambersign_Root_-_2008.pem
Adding debian:America_Online_Root_Certification_Authority_1.pem
Adding debian:UTN_DATACorp_SGC_Root_CA.pem
Adding debian:GeoTrust_Universal_CA.pem
Adding debian:TURKTRUST_Certificate_Services_Provider_Root_1.pem
Adding debian:ePKI_Root_Certification_Authority.pem
Adding debian:SecureTrust_CA.pem
Adding debian:A-Trust-nQual-03.pem
Adding debian:Verisign_Class_2_Public_Primary_Certification_Authority_-_G2.pem
Adding debian:AddTrust_External_Root.pem
Adding debian:OISTE_WISeKey_Global_Root_GA_CA.pem
Adding debian:EE_Certification_Centre_Root_CA.pem
Adding debian:GlobalSign_Root_CA_-_R2.pem
Adding debian:VeriSign_Class_3_Public_Primary_Certification_Authority_-_G5.pem
Adding debian:Verisign_Class_1_Public_Primary_Certification_Authority_-_G2.pem
Adding debian:Root_CA_Generalitat_Valenciana.pem
Adding debian:T-TeleSec_GlobalRoot_Class_3.pem
Adding debian:UTN_USERFirst_Email_Root_CA.pem
Adding debian:Entrust.net_Premium_2048_Secure_Server_CA.pem
Adding debian:spi-cacert-2008.pem
Adding debian:GlobalSign_Root_CA_-_R3.pem
Adding debian:StartCom_Certification_Authority_G2.pem
Adding debian:D-TRUST_Root_Class_3_CA_2_EV_2009.pem
Adding debian:Digital_Signature_Trust_Co._Global_CA_1.pem
Adding debian:Verisign_Class_1_Public_Primary_Certification_Authority_-_G3.pem
Adding debian:Sonera_Class_1_Root_CA.pem
Adding debian:NetLock_Express_=Class_C=_Root.pem
Adding debian:Staat_der_Nederlanden_Root_CA_-_G2.pem
Adding debian:Izenpe.com.pem
Adding debian:Swisscom_Root_CA_2.pem
Adding debian:QuoVadis_Root_CA_1_G3.pem
Adding debian:NetLock_Notary_=Class_A=_Root.pem
Adding debian:E-Tugra_Certification_Authority.pem
Adding debian:TÜBİTAK_UEKAE_Kök_Sertifika_Hizmet_Sağlayıcısı_-_Sürüm_3.pem
Adding debian:DigiCert_Assured_ID_Root_G2.pem
Adding debian:SwissSign_Silver_CA_-_G2.pem
Adding debian:Network_Solutions_Certificate_Authority.pem
Adding debian:COMODO_Certification_Authority.pem
Adding debian:Go_Daddy_Class_2_CA.pem
Adding debian:Certplus_Class_2_Primary_CA.pem
Adding debian:ApplicationCA_-_Japanese_Government.pem
Adding debian:Buypass_Class_3_CA_1.pem
Adding debian:Camerfirma_Chambers_of_Commerce_Root.pem
Adding debian:Certum_Root_CA.pem
Adding debian:Verisign_Class_3_Public_Primary_Certification_Authority.pem
Adding debian:NetLock_Business_=Class_B=_Root.pem
Adding debian:QuoVadis_Root_CA_3_G3.pem
Adding debian:IGC_A.pem
Adding debian:DigiCert_Global_Root_G3.pem
done.
Setting up libatk-wrapper-java (0.30.4-4) ...
Setting up libatk-wrapper-java-jni:amd64 (0.30.4-4) ...
Processing triggers for libc-bin (2.19-0ubuntu6.6) ...
Processing triggers for ca-certificates (20141019ubuntu0.14.04.1) ...
Updating certificates in /etc/ssl/certs... 0 added, 0 removed; done.
Running hooks in /etc/ca-certificates/update.d....
done.
done.
ubuntu@small---root:~$ Write failed: Broken pipe
ProJoey:~ ProJoey$ sshsmall
-----------------------------------------------------------
  Ubuntu 14.04.2 LTS x86_64                                                           
  Image details and information is available at                               
  http://support.rc.nectar.org.au/docs/image_catalog.html                    
-----------------------------------------------------------

Welcome to Ubuntu 14.04.3 LTS (GNU/Linux 3.13.0-58-generic x86_64)

 * Documentation:  https://help.ubuntu.com/
Last login: Thu Aug 27 15:55:27 2015 from 129.127.36.225
Hello, your awesomeness.
ubuntu@small---root:~$ hcut >> ~/GitHub/terminalSaves/270815_settingUpNewUbuntu.txt 
ubuntu@small---root:~$ less ~/GitHub/terminalSaves/270815_settingUpNewUbuntu.txt 
ubuntu@small---root:~$ history
    1  hcut >> ~/GitHub/terminalSaves/270815_settingUpNewUbuntu.txt 
    2  less ~/GitHub/terminalSaves/270815_settingUpNewUbuntu.txt 
    3  history
ubuntu@small---root:~$ 
